Archive member included to satisfy reference by file (symbol)

C:/ST/STM32CubeIDE_1.16.0/STM32CubeIDE/plugins/com.st.stm32cube.ide.mcu.externaltools.gnu-tools-for-stm32.12.3.rel1.win32_1.0.200.202406191623/tools/bin/../lib/gcc/arm-none-eabi/12.3.1/../../../../arm-none-eabi/lib/thumb/v7e-m+fp/hard\libc_nano.a(libc_a-exit.o)
                              C:/ST/STM32CubeIDE_1.16.0/STM32CubeIDE/plugins/com.st.stm32cube.ide.mcu.externaltools.gnu-tools-for-stm32.12.3.rel1.win32_1.0.200.202406191623/tools/bin/../lib/gcc/arm-none-eabi/12.3.1/../../../../arm-none-eabi/lib/thumb/v7e-m+fp/hard/crt0.o (exit)
C:/ST/STM32CubeIDE_1.16.0/STM32CubeIDE/plugins/com.st.stm32cube.ide.mcu.externaltools.gnu-tools-for-stm32.12.3.rel1.win32_1.0.200.202406191623/tools/bin/../lib/gcc/arm-none-eabi/12.3.1/../../../../arm-none-eabi/lib/thumb/v7e-m+fp/hard\libc_nano.a(libc_a-findfp.o)
                              C:/ST/STM32CubeIDE_1.16.0/STM32CubeIDE/plugins/com.st.stm32cube.ide.mcu.externaltools.gnu-tools-for-stm32.12.3.rel1.win32_1.0.200.202406191623/tools/bin/../lib/gcc/arm-none-eabi/12.3.1/../../../../arm-none-eabi/lib/thumb/v7e-m+fp/hard\libc_nano.a(libc_a-exit.o) (__stdio_exit_handler)
C:/ST/STM32CubeIDE_1.16.0/STM32CubeIDE/plugins/com.st.stm32cube.ide.mcu.externaltools.gnu-tools-for-stm32.12.3.rel1.win32_1.0.200.202406191623/tools/bin/../lib/gcc/arm-none-eabi/12.3.1/../../../../arm-none-eabi/lib/thumb/v7e-m+fp/hard\libc_nano.a(libc_a-fwalk.o)
                              C:/ST/STM32CubeIDE_1.16.0/STM32CubeIDE/plugins/com.st.stm32cube.ide.mcu.externaltools.gnu-tools-for-stm32.12.3.rel1.win32_1.0.200.202406191623/tools/bin/../lib/gcc/arm-none-eabi/12.3.1/../../../../arm-none-eabi/lib/thumb/v7e-m+fp/hard\libc_nano.a(libc_a-findfp.o) (_fwalk_sglue)
C:/ST/STM32CubeIDE_1.16.0/STM32CubeIDE/plugins/com.st.stm32cube.ide.mcu.externaltools.gnu-tools-for-stm32.12.3.rel1.win32_1.0.200.202406191623/tools/bin/../lib/gcc/arm-none-eabi/12.3.1/../../../../arm-none-eabi/lib/thumb/v7e-m+fp/hard\libc_nano.a(libc_a-stdio.o)
                              C:/ST/STM32CubeIDE_1.16.0/STM32CubeIDE/plugins/com.st.stm32cube.ide.mcu.externaltools.gnu-tools-for-stm32.12.3.rel1.win32_1.0.200.202406191623/tools/bin/../lib/gcc/arm-none-eabi/12.3.1/../../../../arm-none-eabi/lib/thumb/v7e-m+fp/hard\libc_nano.a(libc_a-findfp.o) (__sread)
C:/ST/STM32CubeIDE_1.16.0/STM32CubeIDE/plugins/com.st.stm32cube.ide.mcu.externaltools.gnu-tools-for-stm32.12.3.rel1.win32_1.0.200.202406191623/tools/bin/../lib/gcc/arm-none-eabi/12.3.1/../../../../arm-none-eabi/lib/thumb/v7e-m+fp/hard\libc_nano.a(libc_a-memset.o)
                              C:/ST/STM32CubeIDE_1.16.0/STM32CubeIDE/plugins/com.st.stm32cube.ide.mcu.externaltools.gnu-tools-for-stm32.12.3.rel1.win32_1.0.200.202406191623/tools/bin/../lib/gcc/arm-none-eabi/12.3.1/../../../../arm-none-eabi/lib/thumb/v7e-m+fp/hard/crt0.o (memset)
C:/ST/STM32CubeIDE_1.16.0/STM32CubeIDE/plugins/com.st.stm32cube.ide.mcu.externaltools.gnu-tools-for-stm32.12.3.rel1.win32_1.0.200.202406191623/tools/bin/../lib/gcc/arm-none-eabi/12.3.1/../../../../arm-none-eabi/lib/thumb/v7e-m+fp/hard\libc_nano.a(libc_a-closer.o)
                              C:/ST/STM32CubeIDE_1.16.0/STM32CubeIDE/plugins/com.st.stm32cube.ide.mcu.externaltools.gnu-tools-for-stm32.12.3.rel1.win32_1.0.200.202406191623/tools/bin/../lib/gcc/arm-none-eabi/12.3.1/../../../../arm-none-eabi/lib/thumb/v7e-m+fp/hard\libc_nano.a(libc_a-stdio.o) (_close_r)
C:/ST/STM32CubeIDE_1.16.0/STM32CubeIDE/plugins/com.st.stm32cube.ide.mcu.externaltools.gnu-tools-for-stm32.12.3.rel1.win32_1.0.200.202406191623/tools/bin/../lib/gcc/arm-none-eabi/12.3.1/../../../../arm-none-eabi/lib/thumb/v7e-m+fp/hard\libc_nano.a(libc_a-reent.o)
                              C:/ST/STM32CubeIDE_1.16.0/STM32CubeIDE/plugins/com.st.stm32cube.ide.mcu.externaltools.gnu-tools-for-stm32.12.3.rel1.win32_1.0.200.202406191623/tools/bin/../lib/gcc/arm-none-eabi/12.3.1/../../../../arm-none-eabi/lib/thumb/v7e-m+fp/hard\libc_nano.a(libc_a-closer.o) (errno)
C:/ST/STM32CubeIDE_1.16.0/STM32CubeIDE/plugins/com.st.stm32cube.ide.mcu.externaltools.gnu-tools-for-stm32.12.3.rel1.win32_1.0.200.202406191623/tools/bin/../lib/gcc/arm-none-eabi/12.3.1/../../../../arm-none-eabi/lib/thumb/v7e-m+fp/hard\libc_nano.a(libc_a-impure.o)
                              C:/ST/STM32CubeIDE_1.16.0/STM32CubeIDE/plugins/com.st.stm32cube.ide.mcu.externaltools.gnu-tools-for-stm32.12.3.rel1.win32_1.0.200.202406191623/tools/bin/../lib/gcc/arm-none-eabi/12.3.1/../../../../arm-none-eabi/lib/thumb/v7e-m+fp/hard\libc_nano.a(libc_a-reent.o) (_impure_ptr)
C:/ST/STM32CubeIDE_1.16.0/STM32CubeIDE/plugins/com.st.stm32cube.ide.mcu.externaltools.gnu-tools-for-stm32.12.3.rel1.win32_1.0.200.202406191623/tools/bin/../lib/gcc/arm-none-eabi/12.3.1/../../../../arm-none-eabi/lib/thumb/v7e-m+fp/hard\libc_nano.a(libc_a-lseekr.o)
[...]
Memory Configuration

Name             Origin             Length             Attributes
CCMRAM           0x10000000         0x00001000         xrw
RAM              0x20000000         0x00003000         xrw
FLASH            0x08000000         0x00010000         xr
*default*        0x00000000         0xffffffff

Linker script and memory map

LOAD C:/ST/STM32CubeIDE_1.16.0/STM32CubeIDE/plugins/com.st.stm32cube.ide.mcu.externaltools.gnu-tools-for-stm32.12.3.rel1.win32_1.0.200.202406191623/tools/bin/../lib/gcc/arm-none-eabi/12.3.1/thumb/v7e-m+fp/hard/crti.o
LOAD C:/ST/STM32CubeIDE_1.16.0/STM32CubeIDE/plugins/com.st.stm32cube.ide.mcu.externaltools.gnu-tools-for-stm32.12.3.rel1.win32_1.0.200.202406191623/tools/bin/../lib/gcc/arm-none-eabi/12.3.1/thumb/v7e-m+fp/hard/crtbegin.o
LOAD C:/ST/STM32CubeIDE_1.16.0/STM32CubeIDE/plugins/com.st.stm32cube.ide.mcu.externaltools.gnu-tools-for-stm32.12.3.rel1.win32_1.0.200.202406191623/tools/bin/../lib/gcc/arm-none-eabi/12.3.1/../../../../arm-none-eabi/lib/thumb/v7e-m+fp/hard/crt0.o
LOAD ./Core/Src/CAN.o
LOAD ./Core/Src/main.o
LOAD ./Core/Src/stm32f3xx_hal_msp.o
LOAD ./Core/Src/stm32f3xx_it.o
LOAD ./Core/Src/syscalls.o
LOAD ./Core/Src/sysmem.o
LOAD ./Core/Src/system_stm32f3xx.o
LOAD ./Core/Startup/startup_stm32f334r8tx.o
LOAD ./Drivers/STM32F3xx_HAL_Driver/Src/stm32f3xx_hal.o
LOAD ./Drivers/STM32F3xx_HAL_Driver/Src/stm32f3xx_hal_adc.o
LOAD ./Drivers/STM32F3xx_HAL_Driver/Src/stm32f3xx_hal_adc_ex.o
LOAD ./Drivers/STM32F3xx_HAL_Driver/Src/stm32f3xx_hal_can.o
LOAD ./Drivers/STM32F3xx_HAL_Driver/Src/stm32f3xx_hal_cortex.o
LOAD ./Drivers/STM32F3xx_HAL_Driver/Src/stm32f3xx_hal_dma.o
LOAD ./Drivers/STM32F3xx_HAL_Driver/Src/stm32f3xx_hal_exti.o
LOAD ./Drivers/STM32F3xx_HAL_Driver/Src/stm32f3xx_hal_flash.o
LOAD ./Drivers/STM32F3xx_HAL_Driver/Src/stm32f3xx_hal_flash_ex.o
LOAD ./Drivers/STM32F3xx_HAL_Driver/Src/stm32f3xx_hal_gpio.o
LOAD ./Drivers/STM32F3xx_HAL_Driver/Src/stm32f3xx_hal_hrtim.o
LOAD ./Drivers/STM32F3xx_HAL_Driver/Src/stm32f3xx_hal_i2c.o
LOAD ./Drivers/STM32F3xx_HAL_Driver/Src/stm32f3xx_hal_i2c_ex.o
LOAD ./Drivers/STM32F3xx_HAL_Driver/Src/stm32f3xx_hal_pwr.o
LOAD ./Drivers/STM32F3xx_HAL_Driver/Src/stm32f3xx_hal_pwr_ex.o
LOAD ./Drivers/STM32F3xx_HAL_Driver/Src/stm32f3xx_hal_rcc.o
LOAD ./Drivers/STM32F3xx_HAL_Driver/Src/stm32f3xx_hal_rcc_ex.o
LOAD ./Drivers/STM32F3xx_HAL_Driver/Src/stm32f3xx_hal_tim.o
LOAD ./Drivers/STM32F3xx_HAL_Driver/Src/stm32f3xx_hal_tim_ex.o
START GROUP
LOAD C:/ST/STM32CubeIDE_1.16.0/STM32CubeIDE/plugins/com.st.stm32cube.ide.mcu.externaltools.gnu-tools-for-stm32.12.3.rel1.win32_1.0.200.202406191623/tools/bin/../lib/gcc/arm-none-eabi/12.3.1/../../../../arm-none-eabi/lib/thumb/v7e-m+fp/hard\libc_nano.a
LOAD C:/ST/STM32CubeIDE_1.16.0/STM32CubeIDE/plugins/com.st.stm32cube.ide.mcu.externaltools.gnu-tools-for-stm32.12.3.rel1.win32_1.0.200.202406191623/tools/bin/../lib/gcc/arm-none-eabi/12.3.1/../../../../arm-none-eabi/lib/thumb/v7e-m+fp/hard\libm.a
END GROUP
START GROUP
LOAD C:/ST/STM32CubeIDE_1.16.0/STM32CubeIDE/plugins/com.st.stm32cube.ide.mcu.externaltools.gnu-tools-for-stm32.12.3.rel1.win32_1.0.200.202406191623/tools/bin/../lib/gcc/arm-none-eabi/12.3.1/thumb/v7e-m+fp/hard\libgcc.a
LOAD C:/ST/STM32CubeIDE_1.16.0/STM32CubeIDE/plugins/com.st.stm32cube.ide.mcu.externaltools.gnu-tools-for-stm32.12.3.rel1.win32_1.0.200.202406191623/tools/bin/../lib/gcc/arm-none-eabi/12.3.1/../../../../arm-none-eabi/lib/thumb/v7e-m+fp/hard\libc_nano.a
END GROUP
START GROUP
LOAD C:/ST/STM32CubeIDE_1.16.0/STM32CubeIDE/plugins/com.st.stm32cube.ide.mcu.externaltools.gnu-tools-for-stm32.12.3.rel1.win32_1.0.200.202406191623/tools/bin/../lib/gcc/arm-none-eabi/12.3.1/thumb/v7e-m+fp/hard\libgcc.a
LOAD C:/ST/STM32CubeIDE_1.16.0/STM32CubeIDE/plugins/com.st.stm32cube.ide.mcu.externaltools.gnu-tools-for-stm32.12.3.rel1.win32_1.0.200.202406191623/tools/bin/../lib/gcc/arm-none-eabi/12.3.1/../../../../arm-none-eabi/lib/thumb/v7e-m+fp/hard\libc_nano.a
LOAD C:/ST/STM32CubeIDE_1.16.0/STM32CubeIDE/plugins/com.st.stm32cube.ide.mcu.externaltools.gnu-tools-for-stm32.12.3.rel1.win32_1.0.200.202406191623/tools/bin/../lib/gcc/arm-none-eabi/12.3.1/../../../../arm-none-eabi/lib/thumb/v7e-m+fp/hard\libnosys.a
END GROUP
START GROUP
LOAD C:/ST/STM32CubeIDE_1.16.0/STM32CubeIDE/plugins/com.st.stm32cube.ide.mcu.externaltools.gnu-tools-for-stm32.12.3.rel1.win32_1.0.200.202406191623/tools/bin/../lib/gcc/arm-none-eabi/12.3.1/thumb/v7e-m+fp/hard\libgcc.a
LOAD C:/ST/STM32CubeIDE_1.16.0/STM32CubeIDE/plugins/com.st.stm32cube.ide.mcu.externaltools.gnu-tools-for-stm32.12.3.rel1.win32_1.0.200.202406191623/tools/bin/../lib/gcc/arm-none-eabi/12.3.1/../../../../arm-none-eabi/lib/thumb/v7e-m+fp/hard\libc_nano.a
LOAD C:/ST/STM32CubeIDE_1.16.0/STM32CubeIDE/plugins/com.st.stm32cube.ide.mcu.externaltools.gnu-tools-for-stm32.12.3.rel1.win32_1.0.200.202406191623/tools/bin/../lib/gcc/arm-none-eabi/12.3.1/../../../../arm-none-eabi/lib/thumb/v7e-m+fp/hard\libnosys.a
END GROUP
LOAD C:/ST/STM32CubeIDE_1.16.0/STM32CubeIDE/plugins/com.st.stm32cube.ide.mcu.externaltools.gnu-tools-for-stm32.12.3.rel1.win32_1.0.200.202406191623/tools/bin/../lib/gcc/arm-none-eabi/12.3.1/thumb/v7e-m+fp/hard/crtend.o
LOAD C:/ST/STM32CubeIDE_1.16.0/STM32CubeIDE/plugins/com.st.stm32cube.ide.mcu.externaltools.gnu-tools-for-stm32.12.3.rel1.win32_1.0.200.202406191623/tools/bin/../lib/gcc/arm-none-eabi/12.3.1/thumb/v7e-m+fp/hard/crtn.o
                0x20003000                        _estack = (ORIGIN (RAM) + LENGTH (RAM))
                0x00000200                        _Min_Heap_Size = 0x200
                0x00000400                        _Min_Stack_Size = 0x400

.isr_vector     0x08000000      0x188
                0x08000000                        . = ALIGN (0x4)
 *(.isr_vector)
 .isr_vector    0x08000000      0x188 ./Core/Startup/startup_stm32f334r8tx.o
                0x08000000                g_pfnVectors
                0x08000188                        . = ALIGN (0x4)

.text           0x08000188     0x69b4
                0x08000188                        . = ALIGN (0x4)
 *(.text)
 .text          0x08000188       0x40 C:/ST/STM32CubeIDE_1.16.0/STM32CubeIDE/plugins/com.st.stm32cube.ide.mcu.externaltools.gnu-tools-for-stm32.12.3.rel1.win32_1.0.200.202406191623/tools/bin/../lib/gcc/arm-none-eabi/12.3.1/thumb/v7e-m+fp/hard/crtbegin.o
 *(.text*)
 .text.HAL_CAN_RxFifo0MsgPendingCallback
                0x080001c8      0x168 ./Core/Src/CAN.o
                0x080001c8                HAL_CAN_RxFifo0MsgPendingCallback
 .text.main     0x08000330      0x100 ./Core/Src/main.o
                0x08000330                main
 .text.SystemClock_Config
                0x08000430       0xbc ./Core/Src/main.o
                0x08000430                SystemClock_Config
 .text.MX_ADC1_Init
                0x080004ec      0x18c ./Core/Src/main.o
 .text.MX_ADC2_Init
                0x08000678       0xdc ./Core/Src/main.o
 .text.MX_CAN_Init
                0x08000754       0xd0 ./Core/Src/main.o
 .text.MX_HRTIM1_Init
                0x08000824      0x3c0 ./Core/Src/main.o
 .text.MX_TIM3_Init
                0x08000be4       0xec ./Core/Src/main.o
 .text.MX_TIM15_Init
                0x08000cd0       0xa4 ./Core/Src/main.o
 .text.MX_DMA_Init
                0x08000d74       0x4c ./Core/Src/main.o
 .text.MX_GPIO_Init
                0x08000dc0       0xb0 ./Core/Src/main.o
 .text.Error_Handler
                0x08000e70        0xc ./Core/Src/main.o
                0x08000e70                Error_Handler
 .text.HAL_MspInit
                0x08000e7c       0x48 ./Core/Src/stm32f3xx_hal_msp.o
                0x08000e7c                HAL_MspInit
 .text.HAL_ADC_MspInit
                0x08000ec4      0x1e0 ./Core/Src/stm32f3xx_hal_msp.o
                0x08000ec4                HAL_ADC_MspInit
 .text.HAL_CAN_MspInit
                0x080010a4       0xec ./Core/Src/stm32f3xx_hal_msp.o
                0x080010a4                HAL_CAN_MspInit
 .text.HAL_HRTIM_MspInit
                0x08001190       0x40 ./Core/Src/stm32f3xx_hal_msp.o
                0x08001190                HAL_HRTIM_MspInit
 .text.HAL_HRTIM_MspPostInit
                0x080011d0       0xac ./Core/Src/stm32f3xx_hal_msp.o
                0x080011d0                HAL_HRTIM_MspPostInit
 .text.HAL_TIM_Base_MspInit
                0x0800127c       0x68 ./Core/Src/stm32f3xx_hal_msp.o
                0x0800127c                HAL_TIM_Base_MspInit
 .text.HAL_TIM_MspPostInit
                0x080012e4       0x70 ./Core/Src/stm32f3xx_hal_msp.o
                0x080012e4                HAL_TIM_MspPostInit
 .text.NMI_Handler
                0x08001354        0x8 ./Core/Src/stm32f3xx_it.o
                0x08001354                NMI_Handler
 .text.HardFault_Handler
                0x0800135c        0x8 ./Core/Src/stm32f3xx_it.o
                0x0800135c                HardFault_Handler
 .text.MemManage_Handler
                0x08001364        0x8 ./Core/Src/stm32f3xx_it.o
                0x08001364                MemManage_Handler
 .text.BusFault_Handler
                0x0800136c        0x8 ./Core/Src/stm32f3xx_it.o
                0x0800136c                BusFault_Handler
 .text.UsageFault_Handler
                0x08001374        0x8 ./Core/Src/stm32f3xx_it.o
                0x08001374                UsageFault_Handler
 .text.SVC_Handler
                0x0800137c        0xe ./Core/Src/stm32f3xx_it.o
                0x0800137c                SVC_Handler
 .text.DebugMon_Handler
                0x0800138a        0xe ./Core/Src/stm32f3xx_it.o
                0x0800138a                DebugMon_Handler
 .text.PendSV_Handler
                0x08001398        0xe ./Core/Src/stm32f3xx_it.o
                0x08001398                PendSV_Handler
 .text.SysTick_Handler
                0x080013a6        0xc ./Core/Src/stm32f3xx_it.o
                0x080013a6                SysTick_Handler
 *fill*         0x080013b2        0x2 
 .text.DMA1_Channel1_IRQHandler
                0x080013b4       0x14 ./Core/Src/stm32f3xx_it.o
                0x080013b4                DMA1_Channel1_IRQHandler
 .text.DMA1_Channel2_IRQHandler
                0x080013c8       0x14 ./Core/Src/stm32f3xx_it.o
                0x080013c8                DMA1_Channel2_IRQHandler
 .text.CAN_TX_IRQHandler
                0x080013dc       0x14 ./Core/Src/stm32f3xx_it.o
                0x080013dc                CAN_TX_IRQHandler
 .text.CAN_RX0_IRQHandler
                0x080013f0       0x14 ./Core/Src/stm32f3xx_it.o
                0x080013f0                CAN_RX0_IRQHandler
 .text.CAN_RX1_IRQHandler
                0x08001404       0x14 ./Core/Src/stm32f3xx_it.o
                0x08001404                CAN_RX1_IRQHandler
 .text.CAN_SCE_IRQHandler
                0x08001418       0x14 ./Core/Src/stm32f3xx_it.o
                0x08001418                CAN_SCE_IRQHandler
 .text.SystemInit
                0x0800142c       0x24 ./Core/Src/system_stm32f3xx.o
                0x0800142c                SystemInit
 .text.Reset_Handler
                0x08001450       0x50 ./Core/Startup/startup_stm32f334r8tx.o
                0x08001450                Reset_Handler
 .text.Default_Handler
                0x080014a0        0x2 ./Core/Startup/startup_stm32f334r8tx.o
                0x080014a0                RTC_Alarm_IRQHandler
                0x080014a0                HRTIM1_Master_IRQHandler
                0x080014a0                TIM1_CC_IRQHandler
                0x080014a0                HRTIM1_FLT_IRQHandler
                0x080014a0                PVD_IRQHandler
                0x080014a0                HRTIM1_TIMD_IRQHandler
                0x080014a0                TAMP_STAMP_IRQHandler
                0x080014a0                EXTI3_IRQHandler
                0x080014a0                EXTI0_IRQHandler
                0x080014a0                FPU_IRQHandler
                0x080014a0                TIM1_UP_TIM16_IRQHandler
                0x080014a0                ADC1_2_IRQHandler
                0x080014a0                HRTIM1_TIME_IRQHandler
                0x080014a0                SPI1_IRQHandler
                0x080014a0                HRTIM1_TIMC_IRQHandler
                0x080014a0                DMA1_Channel4_IRQHandler
                0x080014a0                USART3_IRQHandler
                0x080014a0                DMA1_Channel7_IRQHandler
                0x080014a0                TIM7_DAC2_IRQHandler
                0x080014a0                I2C1_EV_IRQHandler
                0x080014a0                DMA1_Channel6_IRQHandler
                0x080014a0                TIM3_IRQHandler
                0x080014a0                RCC_IRQHandler
                0x080014a0                Default_Handler
                0x080014a0                EXTI15_10_IRQHandler
                0x080014a0                COMP2_IRQHandler
                0x080014a0                HRTIM1_TIMA_IRQHandler
                0x080014a0                TIM6_DAC1_IRQHandler
                0x080014a0                EXTI9_5_IRQHandler
                0x080014a0                RTC_WKUP_IRQHandler
                0x080014a0                DMA1_Channel5_IRQHandler
                0x080014a0                EXTI4_IRQHandler
                0x080014a0                HRTIM1_TIMB_IRQHandler
                0x080014a0                TIM1_TRG_COM_TIM17_IRQHandler
                0x080014a0                DMA1_Channel3_IRQHandler
                0x080014a0                WWDG_IRQHandler
                0x080014a0                TIM2_IRQHandler
                0x080014a0                EXTI1_IRQHandler
                0x080014a0                COMP4_6_IRQHandler
                0x080014a0                USART2_IRQHandler
                0x080014a0                FLASH_IRQHandler
                0x080014a0                USART1_IRQHandler
                0x080014a0                I2C1_ER_IRQHandler
                0x080014a0                EXTI2_TSC_IRQHandler
                0x080014a0                TIM1_BRK_TIM15_IRQHandler
 *fill*         0x080014a2        0x2 
 .text.HAL_Init
                0x080014a4       0x2c ./Drivers/STM32F3xx_HAL_Driver/Src/stm32f3xx_hal.o
                0x080014a4                HAL_Init
 .text.HAL_InitTick
                0x080014d0       0x60 ./Drivers/STM32F3xx_HAL_Driver/Src/stm32f3xx_hal.o
                0x080014d0                HAL_InitTick
 .text.HAL_IncTick
                0x08001530       0x28 ./Drivers/STM32F3xx_HAL_Driver/Src/stm32f3xx_hal.o
                0x08001530                HAL_IncTick
 .text.HAL_GetTick
                0x08001558       0x18 ./Drivers/STM32F3xx_HAL_Driver/Src/stm32f3xx_hal.o
                0x08001558                HAL_GetTick
 .text.HAL_ADC_ConvCpltCallback
                0x08001570       0x14 ./Drivers/STM32F3xx_HAL_Driver/Src/stm32f3xx_hal_adc.o
                0x08001570                HAL_ADC_ConvCpltCallback
 .text.HAL_ADC_ConvHalfCpltCallback
                0x08001584       0x14 ./Drivers/STM32F3xx_HAL_Driver/Src/stm32f3xx_hal_adc.o
                0x08001584                HAL_ADC_ConvHalfCpltCallback
 .text.HAL_ADC_ErrorCallback
                0x08001598       0x14 ./Drivers/STM32F3xx_HAL_Driver/Src/stm32f3xx_hal_adc.o
                0x08001598                HAL_ADC_ErrorCallback
 .text.HAL_ADC_Init
                0x080015ac      0x324 ./Drivers/STM32F3xx_HAL_Driver/Src/stm32f3xx_hal_adc_ex.o
                0x080015ac                HAL_ADC_Init
 .text.HAL_ADC_Start_DMA
                0x080018d0      0x1b4 ./Drivers/STM32F3xx_HAL_Driver/Src/stm32f3xx_hal_adc_ex.o
                0x080018d0                HAL_ADC_Start_DMA
 .text.HAL_ADC_ConfigChannel
                0x08001a84      0x57c ./Drivers/STM32F3xx_HAL_Driver/Src/stm32f3xx_hal_adc_ex.o
                0x08001a84                HAL_ADC_ConfigChannel
 .text.HAL_ADCEx_MultiModeConfigChannel
                0x08002000      0x18c ./Drivers/STM32F3xx_HAL_Driver/Src/stm32f3xx_hal_adc_ex.o
                0x08002000                HAL_ADCEx_MultiModeConfigChannel
 .text.ADC_DMAConvCplt
                0x0800218c       0x7a ./Drivers/STM32F3xx_HAL_Driver/Src/stm32f3xx_hal_adc_ex.o
 .text.ADC_DMAHalfConvCplt
                0x08002206       0x1c ./Drivers/STM32F3xx_HAL_Driver/Src/stm32f3xx_hal_adc_ex.o
 .text.ADC_DMAError
                0x08002222       0x34 ./Drivers/STM32F3xx_HAL_Driver/Src/stm32f3xx_hal_adc_ex.o
 *fill*         0x08002256        0x2 
 .text.ADC_Enable
                0x08002258       0xc8 ./Drivers/STM32F3xx_HAL_Driver/Src/stm32f3xx_hal_adc_ex.o
 .text.ADC_Disable
                0x08002320       0xcc ./Drivers/STM32F3xx_HAL_Driver/Src/stm32f3xx_hal_adc_ex.o
 .text.HAL_CAN_Init
                0x080023ec      0x1f6 ./Drivers/STM32F3xx_HAL_Driver/Src/stm32f3xx_hal_can.o
                0x080023ec                HAL_CAN_Init
 .text.HAL_CAN_ConfigFilter
                0x080025e2      0x194 ./Drivers/STM32F3xx_HAL_Driver/Src/stm32f3xx_hal_can.o
                0x080025e2                HAL_CAN_ConfigFilter
 .text.HAL_CAN_Start
                0x08002776       0x88 ./Drivers/STM32F3xx_HAL_Driver/Src/stm32f3xx_hal_can.o
                0x08002776                HAL_CAN_Start
 .text.HAL_CAN_GetRxMessage
                0x080027fe      0x244 ./Drivers/STM32F3xx_HAL_Driver/Src/stm32f3xx_hal_can.o
                0x080027fe                HAL_CAN_GetRxMessage
 .text.HAL_CAN_ActivateNotification
                0x08002a42       0x4c ./Drivers/STM32F3xx_HAL_Driver/Src/stm32f3xx_hal_can.o
                0x08002a42                HAL_CAN_ActivateNotification
 .text.HAL_CAN_IRQHandler
                0x08002a8e      0x36e ./Drivers/STM32F3xx_HAL_Driver/Src/stm32f3xx_hal_can.o
                0x08002a8e                HAL_CAN_IRQHandler
 .text.HAL_CAN_TxMailbox0CompleteCallback
                0x08002dfc       0x14 ./Drivers/STM32F3xx_HAL_Driver/Src/stm32f3xx_hal_can.o
                0x08002dfc                HAL_CAN_TxMailbox0CompleteCallback
 .text.HAL_CAN_TxMailbox1CompleteCallback
                0x08002e10       0x14 ./Drivers/STM32F3xx_HAL_Driver/Src/stm32f3xx_hal_can.o
                0x08002e10                HAL_CAN_TxMailbox1CompleteCallback
 .text.HAL_CAN_TxMailbox2CompleteCallback
                0x08002e24       0x14 ./Drivers/STM32F3xx_HAL_Driver/Src/stm32f3xx_hal_can.o
                0x08002e24                HAL_CAN_TxMailbox2CompleteCallback
 .text.HAL_CAN_TxMailbox0AbortCallback
                0x08002e38       0x14 ./Drivers/STM32F3xx_HAL_Driver/Src/stm32f3xx_hal_can.o
                0x08002e38                HAL_CAN_TxMailbox0AbortCallback
 .text.HAL_CAN_TxMailbox1AbortCallback
                0x08002e4c       0x14 ./Drivers/STM32F3xx_HAL_Driver/Src/stm32f3xx_hal_can.o
                0x08002e4c                HAL_CAN_TxMailbox1AbortCallback
 .text.HAL_CAN_TxMailbox2AbortCallback
                0x08002e60       0x14 ./Drivers/STM32F3xx_HAL_Driver/Src/stm32f3xx_hal_can.o
                0x08002e60                HAL_CAN_TxMailbox2AbortCallback
 .text.HAL_CAN_RxFifo0FullCallback
                0x08002e74       0x14 ./Drivers/STM32F3xx_HAL_Driver/Src/stm32f3xx_hal_can.o
                0x08002e74                HAL_CAN_RxFifo0FullCallback
 .text.HAL_CAN_RxFifo1MsgPendingCallback
                0x08002e88       0x14 ./Drivers/STM32F3xx_HAL_Driver/Src/stm32f3xx_hal_can.o
                0x08002e88                HAL_CAN_RxFifo1MsgPendingCallback
 .text.HAL_CAN_RxFifo1FullCallback
                0x08002e9c       0x14 ./Drivers/STM32F3xx_HAL_Driver/Src/stm32f3xx_hal_can.o
                0x08002e9c                HAL_CAN_RxFifo1FullCallback
 .text.HAL_CAN_SleepCallback
                0x08002eb0       0x14 ./Drivers/STM32F3xx_HAL_Driver/Src/stm32f3xx_hal_can.o
                0x08002eb0                HAL_CAN_SleepCallback
 .text.HAL_CAN_WakeUpFromRxMsgCallback
                0x08002ec4       0x14 ./Drivers/STM32F3xx_HAL_Driver/Src/stm32f3xx_hal_can.o
                0x08002ec4                HAL_CAN_WakeUpFromRxMsgCallback
 .text.HAL_CAN_ErrorCallback
                0x08002ed8       0x14 ./Drivers/STM32F3xx_HAL_Driver/Src/stm32f3xx_hal_can.o
                0x08002ed8                HAL_CAN_ErrorCallback
 .text.__NVIC_SetPriorityGrouping
                0x08002eec       0x48 ./Drivers/STM32F3xx_HAL_Driver/Src/stm32f3xx_hal_cortex.o
 .text.__NVIC_GetPriorityGrouping
                0x08002f34       0x1c ./Drivers/STM32F3xx_HAL_Driver/Src/stm32f3xx_hal_cortex.o
 .text.__NVIC_EnableIRQ
                0x08002f50       0x3c ./Drivers/STM32F3xx_HAL_Driver/Src/stm32f3xx_hal_cortex.o
 .text.__NVIC_SetPriority
                0x08002f8c       0x54 ./Drivers/STM32F3xx_HAL_Driver/Src/stm32f3xx_hal_cortex.o
 .text.NVIC_EncodePriority
                0x08002fe0       0x66 ./Drivers/STM32F3xx_HAL_Driver/Src/stm32f3xx_hal_cortex.o
 *fill*         0x08003046        0x2 
 .text.SysTick_Config
                0x08003048       0x44 ./Drivers/STM32F3xx_HAL_Driver/Src/stm32f3xx_hal_cortex.o
 .text.HAL_NVIC_SetPriorityGrouping
                0x0800308c       0x16 ./Drivers/STM32F3xx_HAL_Driver/Src/stm32f3xx_hal_cortex.o
                0x0800308c                HAL_NVIC_SetPriorityGrouping
 .text.HAL_NVIC_SetPriority
                0x080030a2       0x38 ./Drivers/STM32F3xx_HAL_Driver/Src/stm32f3xx_hal_cortex.o
                0x080030a2                HAL_NVIC_SetPriority
 .text.HAL_NVIC_EnableIRQ
                0x080030da       0x1c ./Drivers/STM32F3xx_HAL_Driver/Src/stm32f3xx_hal_cortex.o
                0x080030da                HAL_NVIC_EnableIRQ
 .text.HAL_SYSTICK_Config
                0x080030f6       0x18 ./Drivers/STM32F3xx_HAL_Driver/Src/stm32f3xx_hal_cortex.o
                0x080030f6                HAL_SYSTICK_Config
 .text.HAL_DMA_Init
                0x0800310e       0x8e ./Drivers/STM32F3xx_HAL_Driver/Src/stm32f3xx_hal_dma.o
                0x0800310e                HAL_DMA_Init
 .text.HAL_DMA_Start_IT
                0x0800319c       0xbe ./Drivers/STM32F3xx_HAL_Driver/Src/stm32f3xx_hal_dma.o
                0x0800319c                HAL_DMA_Start_IT
 .text.HAL_DMA_IRQHandler
                0x0800325a      0x146 ./Drivers/STM32F3xx_HAL_Driver/Src/stm32f3xx_hal_dma.o
                0x0800325a                HAL_DMA_IRQHandler
 .text.DMA_SetConfig
                0x080033a0       0x5c ./Drivers/STM32F3xx_HAL_Driver/Src/stm32f3xx_hal_dma.o
 .text.DMA_CalcBaseAndBitshift
                0x080033fc       0x40 ./Drivers/STM32F3xx_HAL_Driver/Src/stm32f3xx_hal_dma.o
 .text.HAL_GPIO_Init
                0x0800343c      0x2e4 ./Drivers/STM32F3xx_HAL_Driver/Src/stm32f3xx_hal_gpio.o
                0x0800343c                HAL_GPIO_Init
 .text.HAL_GPIO_WritePin
                0x08003720       0x30 ./Drivers/STM32F3xx_HAL_Driver/Src/stm32f3xx_hal_gpio.o
                0x08003720                HAL_GPIO_WritePin
 .text.HAL_HRTIM_Init
                0x08003750      0x198 ./Drivers/STM32F3xx_HAL_Driver/Src/stm32f3xx_hal_hrtim.o
                0x08003750                HAL_HRTIM_Init
 .text.HAL_HRTIM_DLLCalibrationStart
                0x080038e8       0xb0 ./Drivers/STM32F3xx_HAL_Driver/Src/stm32f3xx_hal_hrtim.o
                0x080038e8                HAL_HRTIM_DLLCalibrationStart
 .text.HAL_HRTIM_PollForDLLCalibration
                0x08003998       0x68 ./Drivers/STM32F3xx_HAL_Driver/Src/stm32f3xx_hal_hrtim.o
                0x08003998                HAL_HRTIM_PollForDLLCalibration
 .text.HAL_HRTIM_TimeBaseConfig
                0x08003a00       0x50 ./Drivers/STM32F3xx_HAL_Driver/Src/stm32f3xx_hal_hrtim.o
                0x08003a00                HAL_HRTIM_TimeBaseConfig
 .text.HAL_HRTIM_WaveformTimerConfig
                0x08003a50       0xe4 ./Drivers/STM32F3xx_HAL_Driver/Src/stm32f3xx_hal_hrtim.o
                0x08003a50                HAL_HRTIM_WaveformTimerConfig
 .text.HAL_HRTIM_DeadTimeConfig
                0x08003b34      0x100 ./Drivers/STM32F3xx_HAL_Driver/Src/stm32f3xx_hal_hrtim.o
                0x08003b34                HAL_HRTIM_DeadTimeConfig
 .text.HAL_HRTIM_WaveformOutputConfig
                0x08003c34       0x62 ./Drivers/STM32F3xx_HAL_Driver/Src/stm32f3xx_hal_hrtim.o
                0x08003c34                HAL_HRTIM_WaveformOutputConfig
 .text.HAL_HRTIM_WaveformOutputStart
                0x08003c96       0x5a ./Drivers/STM32F3xx_HAL_Driver/Src/stm32f3xx_hal_hrtim.o
                0x08003c96                HAL_HRTIM_WaveformOutputStart
 .text.HAL_HRTIM_WaveformCountStart
                0x08003cf0       0x56 ./Drivers/STM32F3xx_HAL_Driver/Src/stm32f3xx_hal_hrtim.o
                0x08003cf0                HAL_HRTIM_WaveformCountStart
 .text.HRTIM_MasterBase_Config
                0x08003d46       0x5e ./Drivers/STM32F3xx_HAL_Driver/Src/stm32f3xx_hal_hrtim.o
 .text.HRTIM_TimingUnitBase_Config
                0x08003da4       0x80 ./Drivers/STM32F3xx_HAL_Driver/Src/stm32f3xx_hal_hrtim.o
 .text.HRTIM_MasterWaveform_Config
                0x08003e24       0xcc ./Drivers/STM32F3xx_HAL_Driver/Src/stm32f3xx_hal_hrtim.o
 .text.HRTIM_TimingUnitWaveform_Config
                0x08003ef0      0x280 ./Drivers/STM32F3xx_HAL_Driver/Src/stm32f3xx_hal_hrtim.o
 .text.HRTIM_OutputConfig
                0x08004170      0x1b0 ./Drivers/STM32F3xx_HAL_Driver/Src/stm32f3xx_hal_hrtim.o
 .text.HRTIM_ForceRegistersUpdate
                0x08004320       0xc4 ./Drivers/STM32F3xx_HAL_Driver/Src/stm32f3xx_hal_hrtim.o
 .text.HAL_RCC_OscConfig
                0x080043e4     0x107c ./Drivers/STM32F3xx_HAL_Driver/Src/stm32f3xx_hal_rcc.o
                0x080043e4                HAL_RCC_OscConfig
 .text.HAL_RCC_ClockConfig
                0x08005460      0x2f8 ./Drivers/STM32F3xx_HAL_Driver/Src/stm32f3xx_hal_rcc.o
                0x08005460                HAL_RCC_ClockConfig
 .text.HAL_RCC_GetSysClockFreq
                0x08005758       0xa8 ./Drivers/STM32F3xx_HAL_Driver/Src/stm32f3xx_hal_rcc.o
                0x08005758                HAL_RCC_GetSysClockFreq
 .text.HAL_RCCEx_PeriphCLKConfig
                0x08005800      0x26c ./Drivers/STM32F3xx_HAL_Driver/Src/stm32f3xx_hal_rcc_ex.o
                0x08005800                HAL_RCCEx_PeriphCLKConfig
 .text.HAL_TIM_Base_Init
                0x08005a6c       0xae ./Drivers/STM32F3xx_HAL_Driver/Src/stm32f3xx_hal_tim.o
                0x08005a6c                HAL_TIM_Base_Init
 *fill*         0x08005b1a        0x2 
 .text.HAL_TIM_Base_Start
                0x08005b1c       0xa8 ./Drivers/STM32F3xx_HAL_Driver/Src/stm32f3xx_hal_tim.o
                0x08005b1c                HAL_TIM_Base_Start
 .text.HAL_TIM_PWM_Init
                0x08005bc4       0xae ./Drivers/STM32F3xx_HAL_Driver/Src/stm32f3xx_hal_tim.o
                0x08005bc4                HAL_TIM_PWM_Init
 .text.HAL_TIM_PWM_MspInit
                0x08005c72       0x14 ./Drivers/STM32F3xx_HAL_Driver/Src/stm32f3xx_hal_tim.o
                0x08005c72                HAL_TIM_PWM_MspInit
 *fill*         0x08005c86        0x2 
 .text.HAL_TIM_PWM_Start
                0x08005c88      0x1d8 ./Drivers/STM32F3xx_HAL_Driver/Src/stm32f3xx_hal_tim.o
                0x08005c88                HAL_TIM_PWM_Start
 .text.HAL_TIM_PWM_ConfigChannel
                0x08005e60      0x228 ./Drivers/STM32F3xx_HAL_Driver/Src/stm32f3xx_hal_tim.o
                0x08005e60                HAL_TIM_PWM_ConfigChannel
 .text.HAL_TIM_ConfigClockSource
                0x08006088      0x192 ./Drivers/STM32F3xx_HAL_Driver/Src/stm32f3xx_hal_tim.o
                0x08006088                HAL_TIM_ConfigClockSource
 *fill*         0x0800621a        0x2 
 .text.TIM_Base_SetConfig
                0x0800621c      0x108 ./Drivers/STM32F3xx_HAL_Driver/Src/stm32f3xx_hal_tim.o
                0x0800621c                TIM_Base_SetConfig
 .text.TIM_OC1_SetConfig
                0x08006324      0x10c ./Drivers/STM32F3xx_HAL_Driver/Src/stm32f3xx_hal_tim.o
 .text.TIM_OC2_SetConfig
                0x08006430      0x100 ./Drivers/STM32F3xx_HAL_Driver/Src/stm32f3xx_hal_tim.o
                0x08006430                TIM_OC2_SetConfig
 .text.TIM_OC3_SetConfig
                0x08006530       0xfc ./Drivers/STM32F3xx_HAL_Driver/Src/stm32f3xx_hal_tim.o
 .text.TIM_OC4_SetConfig
                0x0800662c       0xc8 ./Drivers/STM32F3xx_HAL_Driver/Src/stm32f3xx_hal_tim.o
 .text.TIM_OC5_SetConfig
                0x080066f4       0xbc ./Drivers/STM32F3xx_HAL_Driver/Src/stm32f3xx_hal_tim.o
 .text.TIM_OC6_SetConfig
                0x080067b0       0xc0 ./Drivers/STM32F3xx_HAL_Driver/Src/stm32f3xx_hal_tim.o
 .text.TIM_TI1_ConfigInputStage
                0x08006870       0x5e ./Drivers/STM32F3xx_HAL_Driver/Src/stm32f3xx_hal_tim.o
 .text.TIM_TI2_ConfigInputStage
                0x080068ce       0x60 ./Drivers/STM32F3xx_HAL_Driver/Src/stm32f3xx_hal_tim.o
 .text.TIM_ITRx_SetConfig
                0x0800692e       0x36 ./Drivers/STM32F3xx_HAL_Driver/Src/stm32f3xx_hal_tim.o
 .text.TIM_ETR_SetConfig
                0x08006964       0x40 ./Drivers/STM32F3xx_HAL_Driver/Src/stm32f3xx_hal_tim.o
                0x08006964                TIM_ETR_SetConfig
 .text.TIM_CCxChannelCmd
                0x080069a4       0x4a ./Drivers/STM32F3xx_HAL_Driver/Src/stm32f3xx_hal_tim.o
                0x080069a4                TIM_CCxChannelCmd
 *fill*         0x080069ee        0x2 
 .text.HAL_TIMEx_MasterConfigSynchronization
                0x080069f0       0xdc ./Drivers/STM32F3xx_HAL_Driver/Src/stm32f3xx_hal_tim_ex.o
                0x080069f0                HAL_TIMEx_MasterConfigSynchronization
 .text.memset   0x08006acc       0x10 C:/ST/STM32CubeIDE_1.16.0/STM32CubeIDE/plugins/com.st.stm32cube.ide.mcu.externaltools.gnu-tools-for-stm32.12.3.rel1.win32_1.0.200.202406191623/tools/bin/../lib/gcc/arm-none-eabi/12.3.1/../../../../arm-none-eabi/lib/thumb/v7e-m+fp/hard\libc_nano.a(libc_a-memset.o)
                0x08006acc                memset
 .text.__libc_init_array
                0x08006adc       0x48 C:/ST/STM32CubeIDE_1.16.0/STM32CubeIDE/plugins/com.st.stm32cube.ide.mcu.externaltools.gnu-tools-for-stm32.12.3.rel1.win32_1.0.200.202406191623/tools/bin/../lib/gcc/arm-none-eabi/12.3.1/../../../../arm-none-eabi/lib/thumb/v7e-m+fp/hard\libc_nano.a(libc_a-init.o)
                0x08006adc                __libc_init_array
 *(.glue_7)
 .glue_7        0x08006b24        0x0 linker stubs
 *(.glue_7t)
 .glue_7t       0x08006b24        0x0 linker stubs
 *(.eh_frame)
 .eh_frame      0x08006b24        0x0 C:/ST/STM32CubeIDE_1.16.0/STM32CubeIDE/plugins/com.st.stm32cube.ide.mcu.externaltools.gnu-tools-for-stm32.12.3.rel1.win32_1.0.200.202406191623/tools/bin/../lib/gcc/arm-none-eabi/12.3.1/thumb/v7e-m+fp/hard/crtbegin.o
 *(.init)
 .init          0x08006b24        0x4 C:/ST/STM32CubeIDE_1.16.0/STM32CubeIDE/plugins/com.st.stm32cube.ide.mcu.externaltools.gnu-tools-for-stm32.12.3.rel1.win32_1.0.200.202406191623/tools/bin/../lib/gcc/arm-none-eabi/12.3.1/thumb/v7e-m+fp/hard/crti.o
                0x08006b24                _init
 .init          0x08006b28        0x8 C:/ST/STM32CubeIDE_1.16.0/STM32CubeIDE/plugins/com.st.stm32cube.ide.mcu.externaltools.gnu-tools-for-stm32.12.3.rel1.win32_1.0.200.202406191623/tools/bin/../lib/gcc/arm-none-eabi/12.3.1/thumb/v7e-m+fp/hard/crtn.o
 *(.fini)
 .fini          0x08006b30        0x4 C:/ST/STM32CubeIDE_1.16.0/STM32CubeIDE/plugins/com.st.stm32cube.ide.mcu.externaltools.gnu-tools-for-stm32.12.3.rel1.win32_1.0.200.202406191623/tools/bin/../lib/gcc/arm-none-eabi/12.3.1/thumb/v7e-m+fp/hard/crti.o
                0x08006b30                _fini
 .fini          0x08006b34        0x8 C:/ST/STM32CubeIDE_1.16.0/STM32CubeIDE/plugins/com.st.stm32cube.ide.mcu.externaltools.gnu-tools-for-stm32.12.3.rel1.win32_1.0.200.202406191623/tools/bin/../lib/gcc/arm-none-eabi/12.3.1/thumb/v7e-m+fp/hard/crtn.o
                0x08006b3c                        . = ALIGN (0x4)
                0x08006b3c                        _etext = .

.vfp11_veneer   0x08006b3c        0x0
 .vfp11_veneer  0x08006b3c        0x0 linker stubs

.v4_bx          0x08006b3c        0x0
 .v4_bx         0x08006b3c        0x0 linker stubs

.iplt           0x08006b3c        0x0
 .iplt          0x08006b3c        0x0 C:/ST/STM32CubeIDE_1.16.0/STM32CubeIDE/plugins/com.st.stm32cube.ide.mcu.externaltools.gnu-tools-for-stm32.12.3.rel1.win32_1.0.200.202406191623/tools/bin/../lib/gcc/arm-none-eabi/12.3.1/thumb/v7e-m+fp/hard/crtbegin.o

.rodata         0x08006b3c       0x30
                0x08006b3c                        . = ALIGN (0x4)
 *(.rodata)
 *(.rodata*)
 .rodata.AHBPrescTable
                0x08006b3c       0x10 ./Core/Src/system_stm32f3xx.o
                0x08006b3c                AHBPrescTable
 .rodata.aPLLMULFactorTable
                0x08006b4c       0x10 ./Drivers/STM32F3xx_HAL_Driver/Src/stm32f3xx_hal_rcc.o
 .rodata.aPredivFactorTable
                0x08006b5c       0x10 ./Drivers/STM32F3xx_HAL_Driver/Src/stm32f3xx_hal_rcc.o
                0x08006b6c                        . = ALIGN (0x4)

.ARM.extab      0x08006b6c        0x0
                0x08006b6c                        . = ALIGN (0x4)
 *(.ARM.extab* .gnu.linkonce.armextab.*)
                0x08006b6c                        . = ALIGN (0x4)

.ARM            0x08006b6c        0x0
                0x08006b6c                        . = ALIGN (0x4)
                0x08006b6c                        __exidx_start = .
 *(.ARM.exidx*)
                0x08006b6c                        __exidx_end = .
                0x08006b6c                        . = ALIGN (0x4)

.preinit_array  0x08006b6c        0x0
                0x08006b6c                        . = ALIGN (0x4)
                0x08006b6c                        PROVIDE (__preinit_array_start = .)
 *(.preinit_array*)
                0x08006b6c                        PROVIDE (__preinit_array_end = .)
                0x08006b6c                        . = ALIGN (0x4)

.init_array     0x08006b6c        0x4
                0x08006b6c                        . = ALIGN (0x4)
                0x08006b6c                        PROVIDE (__init_array_start = .)
 *(SORT_BY_NAME(.init_array.*))
 *(.init_array*)
 .init_array    0x08006b6c        0x4 C:/ST/STM32CubeIDE_1.16.0/STM32CubeIDE/plugins/com.st.stm32cube.ide.mcu.externaltools.gnu-tools-for-stm32.12.3.rel1.win32_1.0.200.202406191623/tools/bin/../lib/gcc/arm-none-eabi/12.3.1/thumb/v7e-m+fp/hard/crtbegin.o
                0x08006b70                        PROVIDE (__init_array_end = .)
                0x08006b70                        . = ALIGN (0x4)

.fini_array     0x08006b70        0x4
                0x08006b70                        . = ALIGN (0x4)
                [!provide]                        PROVIDE (__fini_array_start = .)
 *(SORT_BY_NAME(.fini_array.*))
 *(.fini_array*)
 .fini_array    0x08006b70        0x4 C:/ST/STM32CubeIDE_1.16.0/STM32CubeIDE/plugins/com.st.stm32cube.ide.mcu.externaltools.gnu-tools-for-stm32.12.3.rel1.win32_1.0.200.202406191623/tools/bin/../lib/gcc/arm-none-eabi/12.3.1/thumb/v7e-m+fp/hard/crtbegin.o
                [!provide]                        PROVIDE (__fini_array_end = .)
                0x08006b74                        . = ALIGN (0x4)
                0x08006b74                        _sidata = LOADADDR (.data)

.rel.dyn        0x08006b74        0x0
 .rel.iplt      0x08006b74        0x0 C:/ST/STM32CubeIDE_1.16.0/STM32CubeIDE/plugins/com.st.stm32cube.ide.mcu.externaltools.gnu-tools-for-stm32.12.3.rel1.win32_1.0.200.202406191623/tools/bin/../lib/gcc/arm-none-eabi/12.3.1/thumb/v7e-m+fp/hard/crtbegin.o

.data           0x20000000        0xc load address 0x08006b74
                0x20000000                        . = ALIGN (0x4)
                0x20000000                        _sdata = .
 *(.data)
 *(.data*)
 .data.SystemCoreClock
                0x20000000        0x4 ./Core/Src/system_stm32f3xx.o
                0x20000000                SystemCoreClock
 .data.uwTickPrio
                0x20000004        0x4 ./Drivers/STM32F3xx_HAL_Driver/Src/stm32f3xx_hal.o
                0x20000004                uwTickPrio
 .data.uwTickFreq
                0x20000008        0x1 ./Drivers/STM32F3xx_HAL_Driver/Src/stm32f3xx_hal.o
                0x20000008                uwTickFreq
 *(.RamFunc)
 *(.RamFunc*)
                0x2000000c                        . = ALIGN (0x4)
 *fill*         0x20000009        0x3 
                0x2000000c                        _edata = .
                0x08006b80                        _siccmram = LOADADDR (.ccmram)

.igot.plt       0x2000000c        0x0 load address 0x08006b80
 .igot.plt      0x2000000c        0x0 C:/ST/STM32CubeIDE_1.16.0/STM32CubeIDE/plugins/com.st.stm32cube.ide.mcu.externaltools.gnu-tools-for-stm32.12.3.rel1.win32_1.0.200.202406191623/tools/bin/../lib/gcc/arm-none-eabi/12.3.1/thumb/v7e-m+fp/hard/crtbegin.o

.ccmram         0x10000000        0x0 load address 0x08006b80
                0x10000000                        . = ALIGN (0x4)
                0x10000000                        _sccmram = .
 *(.ccmram)
 *(.ccmram*)
                0x10000000                        . = ALIGN (0x4)
                0x10000000                        _eccmram = .
                0x10000000                        . = ALIGN (0x4)

.bss            0x2000000c      0x328
                0x2000000c                        _sbss = .
                0x2000000c                        __bss_start__ = _sbss
 *(.bss)
 .bss           0x2000000c       0x1c C:/ST/STM32CubeIDE_1.16.0/STM32CubeIDE/plugins/com.st.stm32cube.ide.mcu.externaltools.gnu-tools-for-stm32.12.3.rel1.win32_1.0.200.202406191623/tools/bin/../lib/gcc/arm-none-eabi/12.3.1/thumb/v7e-m+fp/hard/crtbegin.o
 *(.bss*)
 .bss.RxHeader  0x20000028       0x1c ./Core/Src/CAN.o
                0x20000028                RxHeader
 .bss.RxData    0x20000044        0x8 ./Core/Src/CAN.o
                0x20000044                RxData
 .bss.hadc1     0x2000004c       0x50 ./Core/Src/main.o
                0x2000004c                hadc1
 .bss.hadc2     0x2000009c       0x50 ./Core/Src/main.o
                0x2000009c                hadc2
 .bss.hdma_adc1
                0x200000ec       0x44 ./Core/Src/main.o
                0x200000ec                hdma_adc1
 .bss.hdma_adc2
                0x20000130       0x44 ./Core/Src/main.o
                0x20000130                hdma_adc2
 .bss.hcan      0x20000174       0x28 ./Core/Src/main.o
                0x20000174                hcan
 .bss.hhrtim1   0x2000019c       0xdc ./Core/Src/main.o
                0x2000019c                hhrtim1
 .bss.htim3     0x20000278       0x4c ./Core/Src/main.o
                0x20000278                htim3
 .bss.htim15    0x200002c4       0x4c ./Core/Src/main.o
                0x200002c4                htim15
 .bss.ADC_VAL_2
                0x20000310        0x4 ./Core/Src/main.o
                0x20000310                ADC_VAL_2
 .bss.ADC_VAL_1
                0x20000314        0xe ./Core/Src/main.o
                0x20000314                ADC_VAL_1
 *fill*         0x20000322        0x2 
 .bss.count     0x20000324        0x4 ./Core/Src/main.o
                0x20000324                count
 .bss.temp1     0x20000328        0x2 ./Core/Src/main.o
                0x20000328                temp1
 *fill*         0x2000032a        0x2 
 .bss.HAL_RCC_ADC12_CLK_ENABLED
                0x2000032c        0x4 ./Core/Src/stm32f3xx_hal_msp.o
 .bss.uwTick    0x20000330        0x4 ./Drivers/STM32F3xx_HAL_Driver/Src/stm32f3xx_hal.o
                0x20000330                uwTick
 *(COMMON)
                0x20000334                        . = ALIGN (0x4)
                0x20000334                        _ebss = .
                0x20000334                        __bss_end__ = _ebss

._user_heap_stack
                0x20000334      0x604
                0x20000338                        . = ALIGN (0x8)
 *fill*         0x20000334        0x4 
                [!provide]                        PROVIDE (end = .)
                0x20000338                        PROVIDE (_end = .)
                0x20000538                        . = (. + _Min_Heap_Size)
 *fill*         0x20000338      0x200 
                0x20000938                        . = (. + _Min_Stack_Size)
 *fill*         0x20000538      0x400 
                0x20000938                        . = ALIGN (0x8)

/DISCARD/
 libc.a(*)
 libm.a(*)
 libgcc.a(*)

.ARM.attributes
                0x00000000       0x30
 *(.ARM.attributes)
 .ARM.attributes
                0x00000000       0x22 C:/ST/STM32CubeIDE_1.16.0/STM32CubeIDE/plugins/com.st.stm32cube.ide.mcu.externaltools.gnu-tools-for-stm32.12.3.rel1.win32_1.0.200.202406191623/tools/bin/../lib/gcc/arm-none-eabi/12.3.1/thumb/v7e-m+fp/hard/crti.o
 .ARM.attributes
                0x00000022       0x34 C:/ST/STM32CubeIDE_1.16.0/STM32CubeIDE/plugins/com.st.stm32cube.ide.mcu.externaltools.gnu-tools-for-stm32.12.3.rel1.win32_1.0.200.202406191623/tools/bin/../lib/gcc/arm-none-eabi/12.3.1/thumb/v7e-m+fp/hard/crtbegin.o
 .ARM.attributes
                0x00000056       0x34 ./Core/Src/CAN.o
 .ARM.attributes
                0x0000008a       0x34 ./Core/Src/main.o
 .ARM.attributes
                0x000000be       0x34 ./Core/Src/stm32f3xx_hal_msp.o
 .ARM.attributes
                0x000000f2       0x34 ./Core/Src/stm32f3xx_it.o
 .ARM.attributes
                0x00000126       0x34 ./Core/Src/system_stm32f3xx.o
 .ARM.attributes
                0x0000015a       0x21 ./Core/Startup/startup_stm32f334r8tx.o
 .ARM.attributes
                0x0000017b       0x34 ./Drivers/STM32F3xx_HAL_Driver/Src/stm32f3xx_hal.o
 .ARM.attributes
                0x000001af       0x34 ./Drivers/STM32F3xx_HAL_Driver/Src/stm32f3xx_hal_adc.o
 .ARM.attributes
                0x000001e3       0x34 ./Drivers/STM32F3xx_HAL_Driver/Src/stm32f3xx_hal_adc_ex.o
 .ARM.attributes
                0x00000217       0x34 ./Drivers/STM32F3xx_HAL_Driver/Src/stm32f3xx_hal_can.o
 .ARM.attributes
                0x0000024b       0x34 ./Drivers/STM32F3xx_HAL_Driver/Src/stm32f3xx_hal_cortex.o
 .ARM.attributes
                0x0000027f       0x34 ./Drivers/STM32F3xx_HAL_Driver/Src/stm32f3xx_hal_dma.o
 .ARM.attributes
                0x000002b3       0x34 ./Drivers/STM32F3xx_HAL_Driver/Src/stm32f3xx_hal_gpio.o
 .ARM.attributes
                0x000002e7       0x34 ./Drivers/STM32F3xx_HAL_Driver/Src/stm32f3xx_hal_hrtim.o
 .ARM.attributes
                0x0000031b       0x34 ./Drivers/STM32F3xx_HAL_Driver/Src/stm32f3xx_hal_rcc.o
 .ARM.attributes
                0x0000034f       0x34 ./Drivers/STM32F3xx_HAL_Driver/Src/stm32f3xx_hal_rcc_ex.o
 .ARM.attributes
                0x00000383       0x34 ./Drivers/STM32F3xx_HAL_Driver/Src/stm32f3xx_hal_tim.o
 .ARM.attributes
                0x000003b7       0x34 ./Drivers/STM32F3xx_HAL_Driver/Src/stm32f3xx_hal_tim_ex.o
 .ARM.attributes
                0x000003eb       0x34 C:/ST/STM32CubeIDE_1.16.0/STM32CubeIDE/plugins/com.st.stm32cube.ide.mcu.externaltools.gnu-tools-for-stm32.12.3.rel1.win32_1.0.200.202406191623/tools/bin/../lib/gcc/arm-none-eabi/12.3.1/../../../../arm-none-eabi/lib/thumb/v7e-m+fp/hard\libc_nano.a(libc_a-memset.o)
 .ARM.attributes
                0x0000041f       0x34 C:/ST/STM32CubeIDE_1.16.0/STM32CubeIDE/plugins/com.st.stm32cube.ide.mcu.externaltools.gnu-tools-for-stm32.12.3.rel1.win32_1.0.200.202406191623/tools/bin/../lib/gcc/arm-none-eabi/12.3.1/../../../../arm-none-eabi/lib/thumb/v7e-m+fp/hard\libc_nano.a(libc_a-init.o)
 .ARM.attributes
                0x00000453       0x22 C:/ST/STM32CubeIDE_1.16.0/STM32CubeIDE/plugins/com.st.stm32cube.ide.mcu.externaltools.gnu-tools-for-stm32.12.3.rel1.win32_1.0.200.202406191623/tools/bin/../lib/gcc/arm-none-eabi/12.3.1/thumb/v7e-m+fp/hard/crtn.o
OUTPUT(Electro_Bringup_Code.elf elf32-littlearm)
LOAD linker stubs
LOAD C:/ST/STM32CubeIDE_1.16.0/STM32CubeIDE/plugins/com.st.stm32cube.ide.mcu.externaltools.gnu-tools-for-stm32.12.3.rel1.win32_1.0.200.202406191623/tools/bin/../lib/gcc/arm-none-eabi/12.3.1/../../../../arm-none-eabi/lib/thumb/v7e-m+fp/hard\libc.a
LOAD C:/ST/STM32CubeIDE_1.16.0/STM32CubeIDE/plugins/com.st.stm32cube.ide.mcu.externaltools.gnu-tools-for-stm32.12.3.rel1.win32_1.0.200.202406191623/tools/bin/../lib/gcc/arm-none-eabi/12.3.1/../../../../arm-none-eabi/lib/thumb/v7e-m+fp/hard\libm.a
LOAD C:/ST/STM32CubeIDE_1.16.0/STM32CubeIDE/plugins/com.st.stm32cube.ide.mcu.externaltools.gnu-tools-for-stm32.12.3.rel1.win32_1.0.200.202406191623/tools/bin/../lib/gcc/arm-none-eabi/12.3.1/thumb/v7e-m+fp/hard\libgcc.a

.debug_info     0x00000000    0x13991
 .debug_info    0x00000000      0xdab ./Core/Src/CAN.o
 .debug_info    0x00000dab     0x26bf ./Core/Src/main.o
 .debug_info    0x0000346a     0x1b6d ./Core/Src/stm32f3xx_hal_msp.o
 .debug_info    0x00004fd7      0x780 ./Core/Src/stm32f3xx_it.o
 .debug_info    0x00005757      0x407 ./Core/Src/system_stm32f3xx.o
 .debug_info    0x00005b5e       0x30 ./Core/Startup/startup_stm32f334r8tx.o
 .debug_info    0x00005b8e      0x774 ./Drivers/STM32F3xx_HAL_Driver/Src/stm32f3xx_hal.o
 .debug_info    0x00006302      0xb32 ./Drivers/STM32F3xx_HAL_Driver/Src/stm32f3xx_hal_adc.o
 .debug_info    0x00006e34     0x15b2 ./Drivers/STM32F3xx_HAL_Driver/Src/stm32f3xx_hal_adc_ex.o
 .debug_info    0x000083e6      0xf02 ./Drivers/STM32F3xx_HAL_Driver/Src/stm32f3xx_hal_can.o
 .debug_info    0x000092e8      0xab1 ./Drivers/STM32F3xx_HAL_Driver/Src/stm32f3xx_hal_cortex.o
 .debug_info    0x00009d99      0x6e1 ./Drivers/STM32F3xx_HAL_Driver/Src/stm32f3xx_hal_dma.o
 .debug_info    0x0000a47a      0x6a6 ./Drivers/STM32F3xx_HAL_Driver/Src/stm32f3xx_hal_gpio.o
 .debug_info    0x0000ab20     0x34ce ./Drivers/STM32F3xx_HAL_Driver/Src/stm32f3xx_hal_hrtim.o
 .debug_info    0x0000dfee     0x148a ./Drivers/STM32F3xx_HAL_Driver/Src/stm32f3xx_hal_rcc.o
 .debug_info    0x0000f478      0x53c ./Drivers/STM32F3xx_HAL_Driver/Src/stm32f3xx_hal_rcc_ex.o
 .debug_info    0x0000f9b4     0x2a70 ./Drivers/STM32F3xx_HAL_Driver/Src/stm32f3xx_hal_tim.o
 .debug_info    0x00012424     0x156d ./Drivers/STM32F3xx_HAL_Driver/Src/stm32f3xx_hal_tim_ex.o

.debug_abbrev   0x00000000     0x26fe
 .debug_abbrev  0x00000000      0x288 ./Core/Src/CAN.o
 .debug_abbrev  0x00000288      0x31f ./Core/Src/main.o
 .debug_abbrev  0x000005a7      0x2b1 ./Core/Src/stm32f3xx_hal_msp.o
 .debug_abbrev  0x00000858      0x1e2 ./Core/Src/stm32f3xx_it.o
 .debug_abbrev  0x00000a3a      0x11a ./Core/Src/system_stm32f3xx.o
 .debug_abbrev  0x00000b54       0x24 ./Core/Startup/startup_stm32f334r8tx.o
 .debug_abbrev  0x00000b78      0x215 ./Drivers/STM32F3xx_HAL_Driver/Src/stm32f3xx_hal.o
 .debug_abbrev  0x00000d8d      0x186 ./Drivers/STM32F3xx_HAL_Driver/Src/stm32f3xx_hal_adc.o
 .debug_abbrev  0x00000f13      0x28e ./Drivers/STM32F3xx_HAL_Driver/Src/stm32f3xx_hal_adc_ex.o
 .debug_abbrev  0x000011a1      0x1fc ./Drivers/STM32F3xx_HAL_Driver/Src/stm32f3xx_hal_can.o
 .debug_abbrev  0x0000139d      0x2f8 ./Drivers/STM32F3xx_HAL_Driver/Src/stm32f3xx_hal_cortex.o
 .debug_abbrev  0x00001695      0x20d ./Drivers/STM32F3xx_HAL_Driver/Src/stm32f3xx_hal_dma.o
 .debug_abbrev  0x000018a2      0x1ca ./Drivers/STM32F3xx_HAL_Driver/Src/stm32f3xx_hal_gpio.o
 .debug_abbrev  0x00001a6c      0x276 ./Drivers/STM32F3xx_HAL_Driver/Src/stm32f3xx_hal_hrtim.o
 .debug_abbrev  0x00001ce2      0x300 ./Drivers/STM32F3xx_HAL_Driver/Src/stm32f3xx_hal_rcc.o
 .debug_abbrev  0x00001fe2      0x221 ./Drivers/STM32F3xx_HAL_Driver/Src/stm32f3xx_hal_rcc_ex.o
 .debug_abbrev  0x00002203      0x278 ./Drivers/STM32F3xx_HAL_Driver/Src/stm32f3xx_hal_tim.o
 .debug_abbrev  0x0000247b      0x283 ./Drivers/STM32F3xx_HAL_Driver/Src/stm32f3xx_hal_tim_ex.o

.debug_aranges  0x00000000     0x1240
 .debug_aranges
                0x00000000       0x38 ./Core/Src/CAN.o
 .debug_aranges
                0x00000038       0x70 ./Core/Src/main.o
 .debug_aranges
                0x000000a8       0x70 ./Core/Src/stm32f3xx_hal_msp.o
 .debug_aranges
                0x00000118       0x90 ./Core/Src/stm32f3xx_it.o
 .debug_aranges
                0x000001a8       0x28 ./Core/Src/system_stm32f3xx.o
 .debug_aranges
                0x000001d0       0x28 ./Core/Startup/startup_stm32f334r8tx.o
 .debug_aranges
                0x000001f8       0xe0 ./Drivers/STM32F3xx_HAL_Driver/Src/stm32f3xx_hal.o
 .debug_aranges
                0x000002d8       0xc8 ./Drivers/STM32F3xx_HAL_Driver/Src/stm32f3xx_hal_adc.o
 .debug_aranges
                0x000003a0      0x168 ./Drivers/STM32F3xx_HAL_Driver/Src/stm32f3xx_hal_adc_ex.o
 .debug_aranges
                0x00000508      0x138 ./Drivers/STM32F3xx_HAL_Driver/Src/stm32f3xx_hal_can.o
 .debug_aranges
                0x00000640      0x100 ./Drivers/STM32F3xx_HAL_Driver/Src/stm32f3xx_hal_cortex.o
 .debug_aranges
                0x00000740       0x88 ./Drivers/STM32F3xx_HAL_Driver/Src/stm32f3xx_hal_dma.o
 .debug_aranges
                0x000007c8       0x58 ./Drivers/STM32F3xx_HAL_Driver/Src/stm32f3xx_hal_gpio.o
 .debug_aranges
                0x00000820      0x408 ./Drivers/STM32F3xx_HAL_Driver/Src/stm32f3xx_hal_hrtim.o
 .debug_aranges
                0x00000c28       0x88 ./Drivers/STM32F3xx_HAL_Driver/Src/stm32f3xx_hal_rcc.o
 .debug_aranges
                0x00000cb0       0x38 ./Drivers/STM32F3xx_HAL_Driver/Src/stm32f3xx_hal_rcc_ex.o
 .debug_aranges
                0x00000ce8      0x3e0 ./Drivers/STM32F3xx_HAL_Driver/Src/stm32f3xx_hal_tim.o
 .debug_aranges
                0x000010c8      0x178 ./Drivers/STM32F3xx_HAL_Driver/Src/stm32f3xx_hal_tim_ex.o

.debug_rnglists
                0x00000000      0xe44
 .debug_rnglists
                0x00000000       0x27 ./Core/Src/CAN.o
 .debug_rnglists
                0x00000027       0x58 ./Core/Src/main.o
 .debug_rnglists
                0x0000007f       0x53 ./Core/Src/stm32f3xx_hal_msp.o
 .debug_rnglists
                0x000000d2       0x67 ./Core/Src/stm32f3xx_it.o
 .debug_rnglists
                0x00000139       0x1a ./Core/Src/system_stm32f3xx.o
 .debug_rnglists
                0x00000153       0x19 ./Core/Startup/startup_stm32f334r8tx.o
 .debug_rnglists
                0x0000016c       0xa3 ./Drivers/STM32F3xx_HAL_Driver/Src/stm32f3xx_hal.o
 .debug_rnglists
                0x0000020f       0x91 ./Drivers/STM32F3xx_HAL_Driver/Src/stm32f3xx_hal_adc.o
 .debug_rnglists
                0x000002a0      0x126 ./Drivers/STM32F3xx_HAL_Driver/Src/stm32f3xx_hal_adc_ex.o
 .debug_rnglists
                0x000003c6       0xee ./Drivers/STM32F3xx_HAL_Driver/Src/stm32f3xx_hal_can.o
 .debug_rnglists
                0x000004b4       0xbb ./Drivers/STM32F3xx_HAL_Driver/Src/stm32f3xx_hal_cortex.o
 .debug_rnglists
                0x0000056f       0x69 ./Drivers/STM32F3xx_HAL_Driver/Src/stm32f3xx_hal_dma.o
 .debug_rnglists
                0x000005d8       0x3f ./Drivers/STM32F3xx_HAL_Driver/Src/stm32f3xx_hal_gpio.o
 .debug_rnglists
                0x00000617      0x346 ./Drivers/STM32F3xx_HAL_Driver/Src/stm32f3xx_hal_hrtim.o
 .debug_rnglists
                0x0000095d       0x66 ./Drivers/STM32F3xx_HAL_Driver/Src/stm32f3xx_hal_rcc.o
 .debug_rnglists
                0x000009c3       0x28 ./Drivers/STM32F3xx_HAL_Driver/Src/stm32f3xx_hal_rcc_ex.o
 .debug_rnglists
                0x000009eb      0x328 ./Drivers/STM32F3xx_HAL_Driver/Src/stm32f3xx_hal_tim.o
 .debug_rnglists
                0x00000d13      0x131 ./Drivers/STM32F3xx_HAL_Driver/Src/stm32f3xx_hal_tim_ex.o

.debug_macro    0x00000000    0x226d5
 .debug_macro   0x00000000      0x22e ./Core/Src/CAN.o
 .debug_macro   0x0000022e      0xab4 ./Core/Src/CAN.o
 .debug_macro   0x00000ce2      0x163 ./Core/Src/CAN.o
 .debug_macro   0x00000e45       0x2e ./Core/Src/CAN.o
 .debug_macro   0x00000e73       0x28 ./Core/Src/CAN.o
 .debug_macro   0x00000e9b       0x22 ./Core/Src/CAN.o
 .debug_macro   0x00000ebd       0x8e ./Core/Src/CAN.o
 .debug_macro   0x00000f4b       0x51 ./Core/Src/CAN.o
 .debug_macro   0x00000f9c      0x103 ./Core/Src/CAN.o
 .debug_macro   0x0000109f       0x6a ./Core/Src/CAN.o
 .debug_macro   0x00001109      0x1df ./Core/Src/CAN.o
 .debug_macro   0x000012e8       0x1c ./Core/Src/CAN.o
 .debug_macro   0x00001304       0x22 ./Core/Src/CAN.o
 .debug_macro   0x00001326       0xd9 ./Core/Src/CAN.o
 .debug_macro   0x000013ff      0xf07 ./Core/Src/CAN.o
 .debug_macro   0x00002306    0x1585b ./Core/Src/CAN.o
 .debug_macro   0x00017b61       0x6d ./Core/Src/CAN.o
 .debug_macro   0x00017bce     0x3574 ./Core/Src/CAN.o
 .debug_macro   0x0001b142      0x189 ./Core/Src/CAN.o
 .debug_macro   0x0001b2cb       0x55 ./Core/Src/CAN.o
 .debug_macro   0x0001b320      0x8f8 ./Core/Src/CAN.o
 .debug_macro   0x0001bc18      0x358 ./Core/Src/CAN.o
 .debug_macro   0x0001bf70      0x1b5 ./Core/Src/CAN.o
 .debug_macro   0x0001c125      0x130 ./Core/Src/CAN.o
 .debug_macro   0x0001c255      0x1d5 ./Core/Src/CAN.o
 .debug_macro   0x0001c42a      0x1bc ./Core/Src/CAN.o
 .debug_macro   0x0001c5e6       0x34 ./Core/Src/CAN.o
 .debug_macro   0x0001c61a       0x3c ./Core/Src/CAN.o
 .debug_macro   0x0001c656       0x57 ./Core/Src/CAN.o
 .debug_macro   0x0001c6ad      0x845 ./Core/Src/CAN.o
 .debug_macro   0x0001cef2       0x77 ./Core/Src/CAN.o
 .debug_macro   0x0001cf69      0x408 ./Core/Src/CAN.o
 .debug_macro   0x0001d371       0xc5 ./Core/Src/CAN.o
 .debug_macro   0x0001d436      0x19f ./Core/Src/CAN.o
 .debug_macro   0x0001d5d5     0x166e ./Core/Src/CAN.o
 .debug_macro   0x0001ec43      0x22c ./Core/Src/CAN.o
 .debug_macro   0x0001ee6f       0x5b ./Core/Src/CAN.o
 .debug_macro   0x0001eeca       0xa5 ./Core/Src/CAN.o
 .debug_macro   0x0001ef6f       0x81 ./Core/Src/CAN.o
 .debug_macro   0x0001eff0       0xd3 ./Core/Src/CAN.o
 .debug_macro   0x0001f0c3      0xa60 ./Core/Src/CAN.o
 .debug_macro   0x0001fb23       0x59 ./Core/Src/CAN.o
 .debug_macro   0x0001fb7c      0x2a1 ./Core/Src/CAN.o
 .debug_macro   0x0001fe1d       0xf4 ./Core/Src/CAN.o
 .debug_macro   0x0001ff11      0x2e2 ./Core/Src/main.o
 .debug_macro   0x000201f3       0x61 ./Core/Src/main.o
 .debug_macro   0x00020254       0x2a ./Core/Src/main.o
 .debug_macro   0x0002027e       0x43 ./Core/Src/main.o
 .debug_macro   0x000202c1       0x34 ./Core/Src/main.o
 .debug_macro   0x000202f5       0x16 ./Core/Src/main.o
 .debug_macro   0x0002030b       0x43 ./Core/Src/main.o
 .debug_macro   0x0002034e       0x34 ./Core/Src/main.o
 .debug_macro   0x00020382       0x10 ./Core/Src/main.o
 .debug_macro   0x00020392       0x58 ./Core/Src/main.o
 .debug_macro   0x000203ea       0x8e ./Core/Src/main.o
 .debug_macro   0x00020478       0x1c ./Core/Src/main.o
 .debug_macro   0x00020494      0x177 ./Core/Src/main.o
 .debug_macro   0x0002060b      0x369 ./Core/Src/main.o
 .debug_macro   0x00020974       0x10 ./Core/Src/main.o
 .debug_macro   0x00020984       0x35 ./Core/Src/main.o
 .debug_macro   0x000209b9       0x20 ./Core/Src/main.o
 .debug_macro   0x000209d9      0x1fc ./Core/Src/stm32f3xx_hal_msp.o
 .debug_macro   0x00020bd5      0x206 ./Core/Src/stm32f3xx_it.o
 .debug_macro   0x00020ddb      0x1df ./Core/Src/system_stm32f3xx.o
 .debug_macro   0x00020fba      0x203 ./Drivers/STM32F3xx_HAL_Driver/Src/stm32f3xx_hal.o
 .debug_macro   0x000211bd      0x1e0 ./Drivers/STM32F3xx_HAL_Driver/Src/stm32f3xx_hal_adc.o
 .debug_macro   0x0002139d      0x209 ./Drivers/STM32F3xx_HAL_Driver/Src/stm32f3xx_hal_adc_ex.o
 .debug_macro   0x000215a6      0x1ee ./Drivers/STM32F3xx_HAL_Driver/Src/stm32f3xx_hal_can.o
 .debug_macro   0x00021794      0x1df ./Drivers/STM32F3xx_HAL_Driver/Src/stm32f3xx_hal_cortex.o
 .debug_macro   0x00021973      0x1df ./Drivers/STM32F3xx_HAL_Driver/Src/stm32f3xx_hal_dma.o
 .debug_macro   0x00021b52      0x1e6 ./Drivers/STM32F3xx_HAL_Driver/Src/stm32f3xx_hal_gpio.o
 .debug_macro   0x00021d38      0x1fc ./Drivers/STM32F3xx_HAL_Driver/Src/stm32f3xx_hal_hrtim.o
 .debug_macro   0x00021f34      0x203 ./Drivers/STM32F3xx_HAL_Driver/Src/stm32f3xx_hal_rcc.o
 .debug_macro   0x00022137      0x1df ./Drivers/STM32F3xx_HAL_Driver/Src/stm32f3xx_hal_rcc_ex.o
 .debug_macro   0x00022316      0x1e0 ./Drivers/STM32F3xx_HAL_Driver/Src/stm32f3xx_hal_tim.o
 .debug_macro   0x000224f6      0x1df ./Drivers/STM32F3xx_HAL_Driver/Src/stm32f3xx_hal_tim_ex.o

.debug_line     0x00000000    0x15570
 .debug_line    0x00000000      0x91d ./Core/Src/CAN.o
 .debug_line    0x0000091d      0xe48 ./Core/Src/main.o
 .debug_line    0x00001765      0x9fd ./Core/Src/stm32f3xx_hal_msp.o
 .debug_line    0x00002162      0x8f4 ./Core/Src/stm32f3xx_it.o
 .debug_line    0x00002a56      0x812 ./Core/Src/system_stm32f3xx.o
 .debug_line    0x00003268       0x7a ./Core/Startup/startup_stm32f334r8tx.o
 .debug_line    0x000032e2      0xa4a ./Drivers/STM32F3xx_HAL_Driver/Src/stm32f3xx_hal.o
 .debug_line    0x00003d2c      0x988 ./Drivers/STM32F3xx_HAL_Driver/Src/stm32f3xx_hal_adc.o
 .debug_line    0x000046b4     0x2128 ./Drivers/STM32F3xx_HAL_Driver/Src/stm32f3xx_hal_adc_ex.o
 .debug_line    0x000067dc     0x1224 ./Drivers/STM32F3xx_HAL_Driver/Src/stm32f3xx_hal_can.o
 .debug_line    0x00007a00      0xc30 ./Drivers/STM32F3xx_HAL_Driver/Src/stm32f3xx_hal_cortex.o
 .debug_line    0x00008630      0xd34 ./Drivers/STM32F3xx_HAL_Driver/Src/stm32f3xx_hal_dma.o
 .debug_line    0x00009364      0xbad ./Drivers/STM32F3xx_HAL_Driver/Src/stm32f3xx_hal_gpio.o
 .debug_line    0x00009f11     0x3f83 ./Drivers/STM32F3xx_HAL_Driver/Src/stm32f3xx_hal_hrtim.o
 .debug_line    0x0000de94     0x13de ./Drivers/STM32F3xx_HAL_Driver/Src/stm32f3xx_hal_rcc.o
 .debug_line    0x0000f272      0xb20 ./Drivers/STM32F3xx_HAL_Driver/Src/stm32f3xx_hal_rcc_ex.o
 .debug_line    0x0000fd92     0x3d28 ./Drivers/STM32F3xx_HAL_Driver/Src/stm32f3xx_hal_tim.o
 .debug_line    0x00013aba     0x1ab6 ./Drivers/STM32F3xx_HAL_Driver/Src/stm32f3xx_hal_tim_ex.o

.debug_str      0x00000000    0xdceb4
 .debug_str     0x00000000    0xd4594 ./Core/Src/CAN.o
                              0xd488c (size before relaxing)
 .debug_str     0x000d4594     0x4637 ./Core/Src/main.o
                              0xd8ea1 (size before relaxing)
 .debug_str     0x000d8bcb      0x137 ./Core/Src/stm32f3xx_hal_msp.o
                              0xd53c2 (size before relaxing)
 .debug_str     0x000d8d02      0x147 ./Core/Src/stm32f3xx_it.o
                              0xd4618 (size before relaxing)
 .debug_str     0x000d8e49       0xdf ./Core/Src/system_stm32f3xx.o
                              0xd3c97 (size before relaxing)
 .debug_str     0x000d8f28       0x44 ./Core/Startup/startup_stm32f334r8tx.o
                                 0x7c (size before relaxing)
 .debug_str     0x000d8f6c      0x395 ./Drivers/STM32F3xx_HAL_Driver/Src/stm32f3xx_hal.o
                              0xd43ff (size before relaxing)
 .debug_str     0x000d9301      0x1f5 ./Drivers/STM32F3xx_HAL_Driver/Src/stm32f3xx_hal_adc.o
                              0xd4284 (size before relaxing)
 .debug_str     0x000d94f6      0x6c8 ./Drivers/STM32F3xx_HAL_Driver/Src/stm32f3xx_hal_adc_ex.o
                              0xd499d (size before relaxing)
 .debug_str     0x000d9bbe      0x3c1 ./Drivers/STM32F3xx_HAL_Driver/Src/stm32f3xx_hal_can.o
                              0xd4426 (size before relaxing)
 .debug_str     0x000d9f7f      0x218 ./Drivers/STM32F3xx_HAL_Driver/Src/stm32f3xx_hal_cortex.o
                              0xd4324 (size before relaxing)
 .debug_str     0x000da197      0x1e4 ./Drivers/STM32F3xx_HAL_Driver/Src/stm32f3xx_hal_dma.o
                              0xd3fdf (size before relaxing)
 .debug_str     0x000da37b      0x157 ./Drivers/STM32F3xx_HAL_Driver/Src/stm32f3xx_hal_gpio.o
                              0xd3e76 (size before relaxing)
 .debug_str     0x000da4d2     0x140d ./Drivers/STM32F3xx_HAL_Driver/Src/stm32f3xx_hal_hrtim.o
                              0xd5add (size before relaxing)
 .debug_str     0x000db8df      0x2c3 ./Drivers/STM32F3xx_HAL_Driver/Src/stm32f3xx_hal_rcc.o
                              0xd4137 (size before relaxing)
 .debug_str     0x000dbba2       0xbe ./Drivers/STM32F3xx_HAL_Driver/Src/stm32f3xx_hal_rcc_ex.o
                              0xd3e4b (size before relaxing)
 .debug_str     0x000dbc60      0xd78 ./Drivers/STM32F3xx_HAL_Driver/Src/stm32f3xx_hal_tim.o
                              0xd50ce (size before relaxing)
 .debug_str     0x000dc9d8      0x4dc ./Drivers/STM32F3xx_HAL_Driver/Src/stm32f3xx_hal_tim_ex.o
                              0xd4914 (size before relaxing)

.comment        0x00000000       0x43
 .comment       0x00000000       0x43 ./Core/Src/CAN.o
                                 0x44 (size before relaxing)
 .comment       0x00000043       0x44 ./Core/Src/main.o
 .comment       0x00000043       0x44 ./Core/Src/stm32f3xx_hal_msp.o
 .comment       0x00000043       0x44 ./Core/Src/stm32f3xx_it.o
 .comment       0x00000043       0x44 ./Core/Src/system_stm32f3xx.o
 .comment       0x00000043       0x44 ./Drivers/STM32F3xx_HAL_Driver/Src/stm32f3xx_hal.o
 .comment       0x00000043       0x44 ./Drivers/STM32F3xx_HAL_Driver/Src/stm32f3xx_hal_adc.o
 .comment       0x00000043       0x44 ./Drivers/STM32F3xx_HAL_Driver/Src/stm32f3xx_hal_adc_ex.o
 .comment       0x00000043       0x44 ./Drivers/STM32F3xx_HAL_Driver/Src/stm32f3xx_hal_can.o
 .comment       0x00000043       0x44 ./Drivers/STM32F3xx_HAL_Driver/Src/stm32f3xx_hal_cortex.o
 .comment       0x00000043       0x44 ./Drivers/STM32F3xx_HAL_Driver/Src/stm32f3xx_hal_dma.o
 .comment       0x00000043       0x44 ./Drivers/STM32F3xx_HAL_Driver/Src/stm32f3xx_hal_gpio.o
 .comment       0x00000043       0x44 ./Drivers/STM32F3xx_HAL_Driver/Src/stm32f3xx_hal_hrtim.o
 .comment       0x00000043       0x44 ./Drivers/STM32F3xx_HAL_Driver/Src/stm32f3xx_hal_rcc.o
 .comment       0x00000043       0x44 ./Drivers/STM32F3xx_HAL_Driver/Src/stm32f3xx_hal_rcc_ex.o
 .comment       0x00000043       0x44 ./Drivers/STM32F3xx_HAL_Driver/Src/stm32f3xx_hal_tim.o
 .comment       0x00000043       0x44 ./Drivers/STM32F3xx_HAL_Driver/Src/stm32f3xx_hal_tim_ex.o

.debug_frame    0x00000000     0x4f0c
 .debug_frame   0x00000000       0xa4 ./Core/Src/CAN.o
 .debug_frame   0x000000a4      0x18c ./Core/Src/main.o
 .debug_frame   0x00000230      0x1b0 ./Core/Src/stm32f3xx_hal_msp.o
 .debug_frame   0x000003e0      0x1ac ./Core/Src/stm32f3xx_it.o
 .debug_frame   0x0000058c       0x58 ./Core/Src/system_stm32f3xx.o
 .debug_frame   0x000005e4      0x334 ./Drivers/STM32F3xx_HAL_Driver/Src/stm32f3xx_hal.o
 .debug_frame   0x00000918      0x380 ./Drivers/STM32F3xx_HAL_Driver/Src/stm32f3xx_hal_adc.o
 .debug_frame   0x00000c98      0x638 ./Drivers/STM32F3xx_HAL_Driver/Src/stm32f3xx_hal_adc_ex.o
 .debug_frame   0x000012d0      0x5a0 ./Drivers/STM32F3xx_HAL_Driver/Src/stm32f3xx_hal_can.o
 .debug_frame   0x00001870      0x428 ./Drivers/STM32F3xx_HAL_Driver/Src/stm32f3xx_hal_cortex.o
 .debug_frame   0x00001c98      0x224 ./Drivers/STM32F3xx_HAL_Driver/Src/stm32f3xx_hal_dma.o
 .debug_frame   0x00001ebc      0x14c ./Drivers/STM32F3xx_HAL_Driver/Src/stm32f3xx_hal_gpio.o
 .debug_frame   0x00002008     0x1354 ./Drivers/STM32F3xx_HAL_Driver/Src/stm32f3xx_hal_hrtim.o
 .debug_frame   0x0000335c      0x214 ./Drivers/STM32F3xx_HAL_Driver/Src/stm32f3xx_hal_rcc.o
 .debug_frame   0x00003570       0xb0 ./Drivers/STM32F3xx_HAL_Driver/Src/stm32f3xx_hal_rcc_ex.o
 .debug_frame   0x00003620     0x1218 ./Drivers/STM32F3xx_HAL_Driver/Src/stm32f3xx_hal_tim.o
 .debug_frame   0x00004838      0x688 ./Drivers/STM32F3xx_HAL_Driver/Src/stm32f3xx_hal_tim_ex.o
 .debug_frame   0x00004ec0       0x20 C:/ST/STM32CubeIDE_1.16.0/STM32CubeIDE/plugins/com.st.stm32cube.ide.mcu.externaltools.gnu-tools-for-stm32.12.3.rel1.win32_1.0.200.202406191623/tools/bin/../lib/gcc/arm-none-eabi/12.3.1/../../../../arm-none-eabi/lib/thumb/v7e-m+fp/hard\libc_nano.a(libc_a-memset.o)
 .debug_frame   0x00004ee0       0x2c C:/ST/STM32CubeIDE_1.16.0/STM32CubeIDE/plugins/com.st.stm32cube.ide.mcu.externaltools.gnu-tools-for-stm32.12.3.rel1.win32_1.0.200.202406191623/tools/bin/../lib/gcc/arm-none-eabi/12.3.1/../../../../arm-none-eabi/lib/thumb/v7e-m+fp/hard\libc_nano.a(libc_a-init.o)

.debug_line_str
                0x00000000       0x60
 .debug_line_str
                0x00000000       0x60 ./Core/Startup/startup_stm32f334r8tx.o
