../Drivers/STM32F3xx_HAL_Driver/Src/stm32f3xx_hal_hrtim.c:539:19:HAL_HRTIM_Init	32	static
../Drivers/STM32F3xx_HAL_Driver/Src/stm32f3xx_hal_hrtim.c:682:19:HAL_HRTIM_DeInit	16	static
../Drivers/STM32F3xx_HAL_Driver/Src/stm32f3xx_hal_hrtim.c:718:13:HAL_HRTIM_MspInit	16	static
../Drivers/STM32F3xx_HAL_Driver/Src/stm32f3xx_hal_hrtim.c:733:13:HAL_HRTIM_MspDeInit	16	static
../Drivers/STM32F3xx_HAL_Driver/Src/stm32f3xx_hal_hrtim.c:758:19:HAL_HRTIM_DLLCalibrationStart	16	static
../Drivers/STM32F3xx_HAL_Driver/Src/stm32f3xx_hal_hrtim.c:808:19:HAL_HRTIM_DLLCalibrationStart_IT	16	static
../Drivers/STM32F3xx_HAL_Driver/Src/stm32f3xx_hal_hrtim.c:849:19:HAL_HRTIM_PollForDLLCalibration	24	static
../Drivers/STM32F3xx_HAL_Driver/Src/stm32f3xx_hal_hrtim.c:898:19:HAL_HRTIM_TimeBaseConfig	24	static
../Drivers/STM32F3xx_HAL_Driver/Src/stm32f3xx_hal_hrtim.c:969:19:HAL_HRTIM_SimpleBaseStart	16	static
../Drivers/STM32F3xx_HAL_Driver/Src/stm32f3xx_hal_hrtim.c:1004:19:HAL_HRTIM_SimpleBaseStop	16	static
../Drivers/STM32F3xx_HAL_Driver/Src/stm32f3xx_hal_hrtim.c:1040:19:HAL_HRTIM_SimpleBaseStart_IT	16	static
../Drivers/STM32F3xx_HAL_Driver/Src/stm32f3xx_hal_hrtim.c:1086:19:HAL_HRTIM_SimpleBaseStop_IT	16	static
../Drivers/STM32F3xx_HAL_Driver/Src/stm32f3xx_hal_hrtim.c:1135:19:HAL_HRTIM_SimpleBaseStart_DMA	32	static
../Drivers/STM32F3xx_HAL_Driver/Src/stm32f3xx_hal_hrtim.c:1237:19:HAL_HRTIM_SimpleBaseStop_DMA	24	static
../Drivers/STM32F3xx_HAL_Driver/Src/stm32f3xx_hal_hrtim.c:1359:19:HAL_HRTIM_SimpleOCChannelConfig	64	static
../Drivers/STM32F3xx_HAL_Driver/Src/stm32f3xx_hal_hrtim.c:1533:19:HAL_HRTIM_SimpleOCStart	24	static
../Drivers/STM32F3xx_HAL_Driver/Src/stm32f3xx_hal_hrtim.c:1583:19:HAL_HRTIM_SimpleOCStop	24	static
../Drivers/STM32F3xx_HAL_Driver/Src/stm32f3xx_hal_hrtim.c:1638:19:HAL_HRTIM_SimpleOCStart_IT	32	static
../Drivers/STM32F3xx_HAL_Driver/Src/stm32f3xx_hal_hrtim.c:1697:19:HAL_HRTIM_SimpleOCStop_IT	32	static
../Drivers/STM32F3xx_HAL_Driver/Src/stm32f3xx_hal_hrtim.c:1764:19:HAL_HRTIM_SimpleOCStart_DMA	32	static
../Drivers/STM32F3xx_HAL_Driver/Src/stm32f3xx_hal_hrtim.c:1871:19:HAL_HRTIM_SimpleOCStop_DMA	32	static
../Drivers/STM32F3xx_HAL_Driver/Src/stm32f3xx_hal_hrtim.c:1979:19:HAL_HRTIM_SimplePWMChannelConfig	64	static
../Drivers/STM32F3xx_HAL_Driver/Src/stm32f3xx_hal_hrtim.c:2097:19:HAL_HRTIM_SimplePWMStart	24	static
../Drivers/STM32F3xx_HAL_Driver/Src/stm32f3xx_hal_hrtim.c:2147:19:HAL_HRTIM_SimplePWMStop	24	static
../Drivers/STM32F3xx_HAL_Driver/Src/stm32f3xx_hal_hrtim.c:2198:19:HAL_HRTIM_SimplePWMStart_IT	24	static
../Drivers/STM32F3xx_HAL_Driver/Src/stm32f3xx_hal_hrtim.c:2288:19:HAL_HRTIM_SimplePWMStop_IT	24	static
../Drivers/STM32F3xx_HAL_Driver/Src/stm32f3xx_hal_hrtim.c:2382:19:HAL_HRTIM_SimplePWMStart_DMA	32	static
../Drivers/STM32F3xx_HAL_Driver/Src/stm32f3xx_hal_hrtim.c:2521:19:HAL_HRTIM_SimplePWMStop_DMA	24	static
../Drivers/STM32F3xx_HAL_Driver/Src/stm32f3xx_hal_hrtim.c:2645:19:HAL_HRTIM_SimpleCaptureChannelConfig	48	static
../Drivers/STM32F3xx_HAL_Driver/Src/stm32f3xx_hal_hrtim.c:2716:19:HAL_HRTIM_SimpleCaptureStart	24	static
../Drivers/STM32F3xx_HAL_Driver/Src/stm32f3xx_hal_hrtim.c:2787:19:HAL_HRTIM_SimpleCaptureStop	32	static
../Drivers/STM32F3xx_HAL_Driver/Src/stm32f3xx_hal_hrtim.c:2869:19:HAL_HRTIM_SimpleCaptureStart_IT	24	static
../Drivers/STM32F3xx_HAL_Driver/Src/stm32f3xx_hal_hrtim.c:2947:19:HAL_HRTIM_SimpleCaptureStop_IT	32	static
../Drivers/STM32F3xx_HAL_Driver/Src/stm32f3xx_hal_hrtim.c:3040:19:HAL_HRTIM_SimpleCaptureStart_DMA	32	static
../Drivers/STM32F3xx_HAL_Driver/Src/stm32f3xx_hal_hrtim.c:3153:19:HAL_HRTIM_SimpleCaptureStop_DMA	32	static
../Drivers/STM32F3xx_HAL_Driver/Src/stm32f3xx_hal_hrtim.c:3300:19:HAL_HRTIM_SimpleOnePulseChannelConfig	80	static
../Drivers/STM32F3xx_HAL_Driver/Src/stm32f3xx_hal_hrtim.c:3436:19:HAL_HRTIM_SimpleOnePulseStart	24	static
../Drivers/STM32F3xx_HAL_Driver/Src/stm32f3xx_hal_hrtim.c:3486:19:HAL_HRTIM_SimpleOnePulseStop	24	static
../Drivers/STM32F3xx_HAL_Driver/Src/stm32f3xx_hal_hrtim.c:3537:19:HAL_HRTIM_SimpleOnePulseStart_IT	24	static
../Drivers/STM32F3xx_HAL_Driver/Src/stm32f3xx_hal_hrtim.c:3627:19:HAL_HRTIM_SimpleOnePulseStop_IT	24	static
../Drivers/STM32F3xx_HAL_Driver/Src/stm32f3xx_hal_hrtim.c:3724:19:HAL_HRTIM_BurstModeConfig	24	static
../Drivers/STM32F3xx_HAL_Driver/Src/stm32f3xx_hal_hrtim.c:3804:19:HAL_HRTIM_EventConfig	24	static
../Drivers/STM32F3xx_HAL_Driver/Src/stm32f3xx_hal_hrtim.c:3849:19:HAL_HRTIM_EventPrescalerConfig	16	static
../Drivers/STM32F3xx_HAL_Driver/Src/stm32f3xx_hal_hrtim.c:3891:19:HAL_HRTIM_FaultConfig	32	static
../Drivers/STM32F3xx_HAL_Driver/Src/stm32f3xx_hal_hrtim.c:4016:19:HAL_HRTIM_FaultPrescalerConfig	16	static
../Drivers/STM32F3xx_HAL_Driver/Src/stm32f3xx_hal_hrtim.c:4059:6:HAL_HRTIM_FaultModeCtl	24	static
../Drivers/STM32F3xx_HAL_Driver/Src/stm32f3xx_hal_hrtim.c:4103:19:HAL_HRTIM_ADCTriggerConfig	32	static
../Drivers/STM32F3xx_HAL_Driver/Src/stm32f3xx_hal_hrtim.c:4255:19:HAL_HRTIM_WaveformTimerConfig	24	static
../Drivers/STM32F3xx_HAL_Driver/Src/stm32f3xx_hal_hrtim.c:4356:19:HAL_HRTIM_TimerEventFilteringConfig	24	static
../Drivers/STM32F3xx_HAL_Driver/Src/stm32f3xx_hal_hrtim.c:4486:19:HAL_HRTIM_DeadTimeConfig	32	static
../Drivers/STM32F3xx_HAL_Driver/Src/stm32f3xx_hal_hrtim.c:4551:19:HAL_HRTIM_ChopperModeConfig	32	static
../Drivers/STM32F3xx_HAL_Driver/Src/stm32f3xx_hal_hrtim.c:4628:19:HAL_HRTIM_BurstDMAConfig	24	static
../Drivers/STM32F3xx_HAL_Driver/Src/stm32f3xx_hal_hrtim.c:4735:19:HAL_HRTIM_WaveformCompareConfig	24	static
../Drivers/STM32F3xx_HAL_Driver/Src/stm32f3xx_hal_hrtim.c:4936:19:HAL_HRTIM_WaveformCaptureConfig	24	static
../Drivers/STM32F3xx_HAL_Driver/Src/stm32f3xx_hal_hrtim.c:5022:19:HAL_HRTIM_WaveformOutputConfig	24	static
../Drivers/STM32F3xx_HAL_Driver/Src/stm32f3xx_hal_hrtim.c:5090:19:HAL_HRTIM_WaveformSetOutputLevel	24	static
../Drivers/STM32F3xx_HAL_Driver/Src/stm32f3xx_hal_hrtim.c:5192:19:HAL_HRTIM_WaveformOutputStart	16	static
../Drivers/STM32F3xx_HAL_Driver/Src/stm32f3xx_hal_hrtim.c:5232:19:HAL_HRTIM_WaveformOutputStop	16	static
../Drivers/STM32F3xx_HAL_Driver/Src/stm32f3xx_hal_hrtim.c:5268:19:HAL_HRTIM_WaveformCountStart	16	static
../Drivers/STM32F3xx_HAL_Driver/Src/stm32f3xx_hal_hrtim.c:5305:19:HAL_HRTIM_WaveformCountStop	16	static
../Drivers/STM32F3xx_HAL_Driver/Src/stm32f3xx_hal_hrtim.c:5345:19:HAL_HRTIM_WaveformCountStart_IT	24	static
../Drivers/STM32F3xx_HAL_Driver/Src/stm32f3xx_hal_hrtim.c:5407:19:HAL_HRTIM_WaveformCountStop_IT	24	static
../Drivers/STM32F3xx_HAL_Driver/Src/stm32f3xx_hal_hrtim.c:5479:19:HAL_HRTIM_WaveformCountStart_DMA	32	static
../Drivers/STM32F3xx_HAL_Driver/Src/stm32f3xx_hal_hrtim.c:5600:19:HAL_HRTIM_WaveformCountStop_DMA	24	static
../Drivers/STM32F3xx_HAL_Driver/Src/stm32f3xx_hal_hrtim.c:5675:19:HAL_HRTIM_BurstModeCtl	16	static
../Drivers/STM32F3xx_HAL_Driver/Src/stm32f3xx_hal_hrtim.c:5707:19:HAL_HRTIM_BurstModeSoftwareTrigger	16	static
../Drivers/STM32F3xx_HAL_Driver/Src/stm32f3xx_hal_hrtim.c:5748:19:HAL_HRTIM_SoftwareCapture	24	static
../Drivers/STM32F3xx_HAL_Driver/Src/stm32f3xx_hal_hrtim.c:5820:19:HAL_HRTIM_SoftwareUpdate	16	static
../Drivers/STM32F3xx_HAL_Driver/Src/stm32f3xx_hal_hrtim.c:5862:19:HAL_HRTIM_SoftwareReset	16	static
../Drivers/STM32F3xx_HAL_Driver/Src/stm32f3xx_hal_hrtim.c:5913:19:HAL_HRTIM_BurstDMATransfer	32	static
../Drivers/STM32F3xx_HAL_Driver/Src/stm32f3xx_hal_hrtim.c:5997:19:HAL_HRTIM_UpdateEnable	16	static
../Drivers/STM32F3xx_HAL_Driver/Src/stm32f3xx_hal_hrtim.c:6033:19:HAL_HRTIM_UpdateDisable	16	static
../Drivers/STM32F3xx_HAL_Driver/Src/stm32f3xx_hal_hrtim.c:6085:24:HAL_HRTIM_GetState	16	static
../Drivers/STM32F3xx_HAL_Driver/Src/stm32f3xx_hal_hrtim.c:6107:10:HAL_HRTIM_GetCapturedValue	32	static
../Drivers/STM32F3xx_HAL_Driver/Src/stm32f3xx_hal_hrtim.c:6170:10:HAL_HRTIM_WaveformGetOutputLevel	32	static
../Drivers/STM32F3xx_HAL_Driver/Src/stm32f3xx_hal_hrtim.c:6250:10:HAL_HRTIM_WaveformGetOutputState	32	static
../Drivers/STM32F3xx_HAL_Driver/Src/stm32f3xx_hal_hrtim.c:6380:10:HAL_HRTIM_GetDelayedProtectionStatus	32	static
../Drivers/STM32F3xx_HAL_Driver/Src/stm32f3xx_hal_hrtim.c:6445:10:HAL_HRTIM_GetBurstStatus	24	static
../Drivers/STM32F3xx_HAL_Driver/Src/stm32f3xx_hal_hrtim.c:6468:10:HAL_HRTIM_GetCurrentPushPullStatus	24	static
../Drivers/STM32F3xx_HAL_Driver/Src/stm32f3xx_hal_hrtim.c:6496:10:HAL_HRTIM_GetIdlePushPullStatus	24	static
../Drivers/STM32F3xx_HAL_Driver/Src/stm32f3xx_hal_hrtim.c:6583:6:HAL_HRTIM_IRQHandler	16	static
../Drivers/STM32F3xx_HAL_Driver/Src/stm32f3xx_hal_hrtim.c:6609:13:HAL_HRTIM_Fault1Callback	16	static
../Drivers/STM32F3xx_HAL_Driver/Src/stm32f3xx_hal_hrtim.c:6624:13:HAL_HRTIM_Fault2Callback	16	static
../Drivers/STM32F3xx_HAL_Driver/Src/stm32f3xx_hal_hrtim.c:6639:13:HAL_HRTIM_Fault3Callback	16	static
../Drivers/STM32F3xx_HAL_Driver/Src/stm32f3xx_hal_hrtim.c:6654:13:HAL_HRTIM_Fault4Callback	16	static
../Drivers/STM32F3xx_HAL_Driver/Src/stm32f3xx_hal_hrtim.c:6669:13:HAL_HRTIM_Fault5Callback	16	static
../Drivers/STM32F3xx_HAL_Driver/Src/stm32f3xx_hal_hrtim.c:6684:13:HAL_HRTIM_SystemFaultCallback	16	static
../Drivers/STM32F3xx_HAL_Driver/Src/stm32f3xx_hal_hrtim.c:6699:13:HAL_HRTIM_DLLCalibrationReadyCallback	16	static
../Drivers/STM32F3xx_HAL_Driver/Src/stm32f3xx_hal_hrtim.c:6714:13:HAL_HRTIM_BurstModePeriodCallback	16	static
../Drivers/STM32F3xx_HAL_Driver/Src/stm32f3xx_hal_hrtim.c:6729:13:HAL_HRTIM_SynchronizationEventCallback	16	static
../Drivers/STM32F3xx_HAL_Driver/Src/stm32f3xx_hal_hrtim.c:6752:13:HAL_HRTIM_RegistersUpdateCallback	16	static
../Drivers/STM32F3xx_HAL_Driver/Src/stm32f3xx_hal_hrtim.c:6777:13:HAL_HRTIM_RepetitionEventCallback	16	static
../Drivers/STM32F3xx_HAL_Driver/Src/stm32f3xx_hal_hrtim.c:6803:13:HAL_HRTIM_Compare1EventCallback	16	static
../Drivers/STM32F3xx_HAL_Driver/Src/stm32f3xx_hal_hrtim.c:6829:13:HAL_HRTIM_Compare2EventCallback	16	static
../Drivers/STM32F3xx_HAL_Driver/Src/stm32f3xx_hal_hrtim.c:6855:13:HAL_HRTIM_Compare3EventCallback	16	static
../Drivers/STM32F3xx_HAL_Driver/Src/stm32f3xx_hal_hrtim.c:6881:13:HAL_HRTIM_Compare4EventCallback	16	static
../Drivers/STM32F3xx_HAL_Driver/Src/stm32f3xx_hal_hrtim.c:6905:13:HAL_HRTIM_Capture1EventCallback	16	static
../Drivers/STM32F3xx_HAL_Driver/Src/stm32f3xx_hal_hrtim.c:6929:13:HAL_HRTIM_Capture2EventCallback	16	static
../Drivers/STM32F3xx_HAL_Driver/Src/stm32f3xx_hal_hrtim.c:6954:13:HAL_HRTIM_DelayedProtectionCallback	16	static
../Drivers/STM32F3xx_HAL_Driver/Src/stm32f3xx_hal_hrtim.c:6979:13:HAL_HRTIM_CounterResetCallback	16	static
../Drivers/STM32F3xx_HAL_Driver/Src/stm32f3xx_hal_hrtim.c:7003:13:HAL_HRTIM_Output1SetCallback	16	static
../Drivers/STM32F3xx_HAL_Driver/Src/stm32f3xx_hal_hrtim.c:7027:13:HAL_HRTIM_Output1ResetCallback	16	static
../Drivers/STM32F3xx_HAL_Driver/Src/stm32f3xx_hal_hrtim.c:7051:13:HAL_HRTIM_Output2SetCallback	16	static
../Drivers/STM32F3xx_HAL_Driver/Src/stm32f3xx_hal_hrtim.c:7075:13:HAL_HRTIM_Output2ResetCallback	16	static
../Drivers/STM32F3xx_HAL_Driver/Src/stm32f3xx_hal_hrtim.c:7100:13:HAL_HRTIM_BurstDMATransferCallback	16	static
../Drivers/STM32F3xx_HAL_Driver/Src/stm32f3xx_hal_hrtim.c:7117:13:HAL_HRTIM_ErrorCallback	16	static
../Drivers/STM32F3xx_HAL_Driver/Src/stm32f3xx_hal_hrtim.c:7650:13:HRTIM_MasterBase_Config	24	static
../Drivers/STM32F3xx_HAL_Driver/Src/stm32f3xx_hal_hrtim.c:7679:13:HRTIM_TimingUnitBase_Config	32	static
../Drivers/STM32F3xx_HAL_Driver/Src/stm32f3xx_hal_hrtim.c:7708:13:HRTIM_MasterWaveform_Config	24	static
../Drivers/STM32F3xx_HAL_Driver/Src/stm32f3xx_hal_hrtim.c:7762:14:HRTIM_TimingUnitWaveform_Config	48	static
../Drivers/STM32F3xx_HAL_Driver/Src/stm32f3xx_hal_hrtim.c:7913:13:HRTIM_CaptureUnitConfig	32	static
../Drivers/STM32F3xx_HAL_Driver/Src/stm32f3xx_hal_hrtim.c:8013:14:HRTIM_OutputConfig	40	static
../Drivers/STM32F3xx_HAL_Driver/Src/stm32f3xx_hal_hrtim.c:8104:13:HRTIM_EventConfig	40	static
../Drivers/STM32F3xx_HAL_Driver/Src/stm32f3xx_hal_hrtim.c:8280:13:HRTIM_TIM_ResetConfig	24	static
../Drivers/STM32F3xx_HAL_Driver/Src/stm32f3xx_hal_hrtim.c:8370:17:HRTIM_GetITFromOCMode	40	static
../Drivers/STM32F3xx_HAL_Driver/Src/stm32f3xx_hal_hrtim.c:8476:17:HRTIM_GetDMAFromOCMode	40	static
../Drivers/STM32F3xx_HAL_Driver/Src/stm32f3xx_hal_hrtim.c:8563:28:HRTIM_GetDMAHandleFromTimerIdx	24	static
../Drivers/STM32F3xx_HAL_Driver/Src/stm32f3xx_hal_hrtim.c:8613:17:GetTimerIdxFromDMAHandle	24	static
../Drivers/STM32F3xx_HAL_Driver/Src/stm32f3xx_hal_hrtim.c:8656:13:HRTIM_ForceRegistersUpdate	16	static
../Drivers/STM32F3xx_HAL_Driver/Src/stm32f3xx_hal_hrtim.c:8708:13:HRTIM_HRTIM_ISR	24	static
../Drivers/STM32F3xx_HAL_Driver/Src/stm32f3xx_hal_hrtim.c:8815:13:HRTIM_Master_ISR	32	static
../Drivers/STM32F3xx_HAL_Driver/Src/stm32f3xx_hal_hrtim.c:8985:13:HRTIM_Timer_ISR	24	static
../Drivers/STM32F3xx_HAL_Driver/Src/stm32f3xx_hal_hrtim.c:9221:13:HRTIM_DMAMasterCplt	24	static
../Drivers/STM32F3xx_HAL_Driver/Src/stm32f3xx_hal_hrtim.c:9292:13:HRTIM_DMATimerxCplt	24	static
../Drivers/STM32F3xx_HAL_Driver/Src/stm32f3xx_hal_hrtim.c:9425:13:HRTIM_DMAError	24	static
../Drivers/STM32F3xx_HAL_Driver/Src/stm32f3xx_hal_hrtim.c:9441:13:HRTIM_BurstDMACplt	24	static
