../Drivers/STM32F3xx_HAL_Driver/Src/stm32f3xx_hal_hrtim.c:8013:14:HRTIM_OutputConfig	20	static
../Drivers/STM32F3xx_HAL_Driver/Src/stm32f3xx_hal_hrtim.c:8104:13:HRTIM_EventConfig	16	static
../Drivers/STM32F3xx_HAL_Driver/Src/stm32f3xx_hal_hrtim.c:8370:17:HRTIM_GetITFromOCMode	8	static
../Drivers/STM32F3xx_HAL_Driver/Src/stm32f3xx_hal_hrtim.c:8476:17:HRTIM_GetDMAFromOCMode	8	static
../Drivers/STM32F3xx_HAL_Driver/Src/stm32f3xx_hal_hrtim.c:8563:28:HRTIM_GetDMAHandleFromTimerIdx	0	static
../Drivers/STM32F3xx_HAL_Driver/Src/stm32f3xx_hal_hrtim.c:8613:17:GetTimerIdxFromDMAHandle	0	static
../Drivers/STM32F3xx_HAL_Driver/Src/stm32f3xx_hal_hrtim.c:718:13:HAL_HRTIM_MspInit	0	static
../Drivers/STM32F3xx_HAL_Driver/Src/stm32f3xx_hal_hrtim.c:539:19:HAL_HRTIM_Init	16	static
../Drivers/STM32F3xx_HAL_Driver/Src/stm32f3xx_hal_hrtim.c:733:13:HAL_HRTIM_MspDeInit	0	static
../Drivers/STM32F3xx_HAL_Driver/Src/stm32f3xx_hal_hrtim.c:682:19:HAL_HRTIM_DeInit	16	static
../Drivers/STM32F3xx_HAL_Driver/Src/stm32f3xx_hal_hrtim.c:758:19:HAL_HRTIM_DLLCalibrationStart	0	static
../Drivers/STM32F3xx_HAL_Driver/Src/stm32f3xx_hal_hrtim.c:808:19:HAL_HRTIM_DLLCalibrationStart_IT	0	static
../Drivers/STM32F3xx_HAL_Driver/Src/stm32f3xx_hal_hrtim.c:849:19:HAL_HRTIM_PollForDLLCalibration	16	static
../Drivers/STM32F3xx_HAL_Driver/Src/stm32f3xx_hal_hrtim.c:898:19:HAL_HRTIM_TimeBaseConfig	20	static
../Drivers/STM32F3xx_HAL_Driver/Src/stm32f3xx_hal_hrtim.c:969:19:HAL_HRTIM_SimpleBaseStart	8	static
../Drivers/STM32F3xx_HAL_Driver/Src/stm32f3xx_hal_hrtim.c:1004:19:HAL_HRTIM_SimpleBaseStop	0	static
../Drivers/STM32F3xx_HAL_Driver/Src/stm32f3xx_hal_hrtim.c:1040:19:HAL_HRTIM_SimpleBaseStart_IT	8	static
../Drivers/STM32F3xx_HAL_Driver/Src/stm32f3xx_hal_hrtim.c:1086:19:HAL_HRTIM_SimpleBaseStop_IT	8	static
../Drivers/STM32F3xx_HAL_Driver/Src/stm32f3xx_hal_hrtim.c:1135:19:HAL_HRTIM_SimpleBaseStart_DMA	24	static
../Drivers/STM32F3xx_HAL_Driver/Src/stm32f3xx_hal_hrtim.c:1237:19:HAL_HRTIM_SimpleBaseStop_DMA	16	static
../Drivers/STM32F3xx_HAL_Driver/Src/stm32f3xx_hal_hrtim.c:1359:19:HAL_HRTIM_SimpleOCChannelConfig	48	static
../Drivers/STM32F3xx_HAL_Driver/Src/stm32f3xx_hal_hrtim.c:1533:19:HAL_HRTIM_SimpleOCStart	8	static
../Drivers/STM32F3xx_HAL_Driver/Src/stm32f3xx_hal_hrtim.c:1583:19:HAL_HRTIM_SimpleOCStop	8	static
../Drivers/STM32F3xx_HAL_Driver/Src/stm32f3xx_hal_hrtim.c:1638:19:HAL_HRTIM_SimpleOCStart_IT	16	static
../Drivers/STM32F3xx_HAL_Driver/Src/stm32f3xx_hal_hrtim.c:1697:19:HAL_HRTIM_SimpleOCStop_IT	24	static
../Drivers/STM32F3xx_HAL_Driver/Src/stm32f3xx_hal_hrtim.c:1764:19:HAL_HRTIM_SimpleOCStart_DMA	32	static
../Drivers/STM32F3xx_HAL_Driver/Src/stm32f3xx_hal_hrtim.c:1871:19:HAL_HRTIM_SimpleOCStop_DMA	24	static
../Drivers/STM32F3xx_HAL_Driver/Src/stm32f3xx_hal_hrtim.c:1979:19:HAL_HRTIM_SimplePWMChannelConfig	48	static
../Drivers/STM32F3xx_HAL_Driver/Src/stm32f3xx_hal_hrtim.c:2097:19:HAL_HRTIM_SimplePWMStart	0	static
../Drivers/STM32F3xx_HAL_Driver/Src/stm32f3xx_hal_hrtim.c:2147:19:HAL_HRTIM_SimplePWMStop	0	static
../Drivers/STM32F3xx_HAL_Driver/Src/stm32f3xx_hal_hrtim.c:2198:19:HAL_HRTIM_SimplePWMStart_IT	12	static
../Drivers/STM32F3xx_HAL_Driver/Src/stm32f3xx_hal_hrtim.c:2288:19:HAL_HRTIM_SimplePWMStop_IT	12	static
../Drivers/STM32F3xx_HAL_Driver/Src/stm32f3xx_hal_hrtim.c:2382:19:HAL_HRTIM_SimplePWMStart_DMA	32	static
../Drivers/STM32F3xx_HAL_Driver/Src/stm32f3xx_hal_hrtim.c:2521:19:HAL_HRTIM_SimplePWMStop_DMA	24	static
../Drivers/STM32F3xx_HAL_Driver/Src/stm32f3xx_hal_hrtim.c:2645:19:HAL_HRTIM_SimpleCaptureChannelConfig	48	static
../Drivers/STM32F3xx_HAL_Driver/Src/stm32f3xx_hal_hrtim.c:2716:19:HAL_HRTIM_SimpleCaptureStart	8	static
../Drivers/STM32F3xx_HAL_Driver/Src/stm32f3xx_hal_hrtim.c:2787:19:HAL_HRTIM_SimpleCaptureStop	8	static
../Drivers/STM32F3xx_HAL_Driver/Src/stm32f3xx_hal_hrtim.c:2869:19:HAL_HRTIM_SimpleCaptureStart_IT	8	static
../Drivers/STM32F3xx_HAL_Driver/Src/stm32f3xx_hal_hrtim.c:2947:19:HAL_HRTIM_SimpleCaptureStop_IT	8	static
../Drivers/STM32F3xx_HAL_Driver/Src/stm32f3xx_hal_hrtim.c:3040:19:HAL_HRTIM_SimpleCaptureStart_DMA	24	static
../Drivers/STM32F3xx_HAL_Driver/Src/stm32f3xx_hal_hrtim.c:3153:19:HAL_HRTIM_SimpleCaptureStop_DMA	16	static
../Drivers/STM32F3xx_HAL_Driver/Src/stm32f3xx_hal_hrtim.c:3300:19:HAL_HRTIM_SimpleOnePulseChannelConfig	80	static
../Drivers/STM32F3xx_HAL_Driver/Src/stm32f3xx_hal_hrtim.c:3436:19:HAL_HRTIM_SimpleOnePulseStart	0	static
../Drivers/STM32F3xx_HAL_Driver/Src/stm32f3xx_hal_hrtim.c:3486:19:HAL_HRTIM_SimpleOnePulseStop	0	static
../Drivers/STM32F3xx_HAL_Driver/Src/stm32f3xx_hal_hrtim.c:3537:19:HAL_HRTIM_SimpleOnePulseStart_IT	0	static
../Drivers/STM32F3xx_HAL_Driver/Src/stm32f3xx_hal_hrtim.c:3627:19:HAL_HRTIM_SimpleOnePulseStop_IT	0	static
../Drivers/STM32F3xx_HAL_Driver/Src/stm32f3xx_hal_hrtim.c:3724:19:HAL_HRTIM_BurstModeConfig	8	static
../Drivers/STM32F3xx_HAL_Driver/Src/stm32f3xx_hal_hrtim.c:3804:19:HAL_HRTIM_EventConfig	16	static
../Drivers/STM32F3xx_HAL_Driver/Src/stm32f3xx_hal_hrtim.c:3849:19:HAL_HRTIM_EventPrescalerConfig	0	static
../Drivers/STM32F3xx_HAL_Driver/Src/stm32f3xx_hal_hrtim.c:3891:19:HAL_HRTIM_FaultConfig	16	static
../Drivers/STM32F3xx_HAL_Driver/Src/stm32f3xx_hal_hrtim.c:4016:19:HAL_HRTIM_FaultPrescalerConfig	0	static
../Drivers/STM32F3xx_HAL_Driver/Src/stm32f3xx_hal_hrtim.c:4059:6:HAL_HRTIM_FaultModeCtl	12	static
../Drivers/STM32F3xx_HAL_Driver/Src/stm32f3xx_hal_hrtim.c:4103:19:HAL_HRTIM_ADCTriggerConfig	12	static
../Drivers/STM32F3xx_HAL_Driver/Src/stm32f3xx_hal_hrtim.c:4255:19:HAL_HRTIM_WaveformTimerConfig	48	static
../Drivers/STM32F3xx_HAL_Driver/Src/stm32f3xx_hal_hrtim.c:4356:19:HAL_HRTIM_TimerEventFilteringConfig	12	static
../Drivers/STM32F3xx_HAL_Driver/Src/stm32f3xx_hal_hrtim.c:4486:19:HAL_HRTIM_DeadTimeConfig	12	static
../Drivers/STM32F3xx_HAL_Driver/Src/stm32f3xx_hal_hrtim.c:4551:19:HAL_HRTIM_ChopperModeConfig	8	static
../Drivers/STM32F3xx_HAL_Driver/Src/stm32f3xx_hal_hrtim.c:4628:19:HAL_HRTIM_BurstDMAConfig	8	static
../Drivers/STM32F3xx_HAL_Driver/Src/stm32f3xx_hal_hrtim.c:4735:19:HAL_HRTIM_WaveformCompareConfig	12	static
../Drivers/STM32F3xx_HAL_Driver/Src/stm32f3xx_hal_hrtim.c:4936:19:HAL_HRTIM_WaveformCaptureConfig	12	static
../Drivers/STM32F3xx_HAL_Driver/Src/stm32f3xx_hal_hrtim.c:5022:19:HAL_HRTIM_WaveformOutputConfig	16	static
../Drivers/STM32F3xx_HAL_Driver/Src/stm32f3xx_hal_hrtim.c:5090:19:HAL_HRTIM_WaveformSetOutputLevel	12	static
../Drivers/STM32F3xx_HAL_Driver/Src/stm32f3xx_hal_hrtim.c:5192:19:HAL_HRTIM_WaveformOutputStart	0	static
../Drivers/STM32F3xx_HAL_Driver/Src/stm32f3xx_hal_hrtim.c:5232:19:HAL_HRTIM_WaveformOutputStop	0	static
../Drivers/STM32F3xx_HAL_Driver/Src/stm32f3xx_hal_hrtim.c:5268:19:HAL_HRTIM_WaveformCountStart	0	static
../Drivers/STM32F3xx_HAL_Driver/Src/stm32f3xx_hal_hrtim.c:5305:19:HAL_HRTIM_WaveformCountStop	0	static
../Drivers/STM32F3xx_HAL_Driver/Src/stm32f3xx_hal_hrtim.c:5345:19:HAL_HRTIM_WaveformCountStart_IT	20	static
../Drivers/STM32F3xx_HAL_Driver/Src/stm32f3xx_hal_hrtim.c:5407:19:HAL_HRTIM_WaveformCountStop_IT	32	static
../Drivers/STM32F3xx_HAL_Driver/Src/stm32f3xx_hal_hrtim.c:5479:19:HAL_HRTIM_WaveformCountStart_DMA	32	static
../Drivers/STM32F3xx_HAL_Driver/Src/stm32f3xx_hal_hrtim.c:5600:19:HAL_HRTIM_WaveformCountStop_DMA	32	static
../Drivers/STM32F3xx_HAL_Driver/Src/stm32f3xx_hal_hrtim.c:5675:19:HAL_HRTIM_BurstModeCtl	0	static
../Drivers/STM32F3xx_HAL_Driver/Src/stm32f3xx_hal_hrtim.c:5707:19:HAL_HRTIM_BurstModeSoftwareTrigger	0	static
../Drivers/STM32F3xx_HAL_Driver/Src/stm32f3xx_hal_hrtim.c:5748:19:HAL_HRTIM_SoftwareCapture	8	static
../Drivers/STM32F3xx_HAL_Driver/Src/stm32f3xx_hal_hrtim.c:5820:19:HAL_HRTIM_SoftwareUpdate	0	static
../Drivers/STM32F3xx_HAL_Driver/Src/stm32f3xx_hal_hrtim.c:5862:19:HAL_HRTIM_SoftwareReset	0	static
../Drivers/STM32F3xx_HAL_Driver/Src/stm32f3xx_hal_hrtim.c:5913:19:HAL_HRTIM_BurstDMATransfer	24	static
../Drivers/STM32F3xx_HAL_Driver/Src/stm32f3xx_hal_hrtim.c:5997:19:HAL_HRTIM_UpdateEnable	0	static
../Drivers/STM32F3xx_HAL_Driver/Src/stm32f3xx_hal_hrtim.c:6033:19:HAL_HRTIM_UpdateDisable	0	static
../Drivers/STM32F3xx_HAL_Driver/Src/stm32f3xx_hal_hrtim.c:6085:24:HAL_HRTIM_GetState	0	static
../Drivers/STM32F3xx_HAL_Driver/Src/stm32f3xx_hal_hrtim.c:6107:10:HAL_HRTIM_GetCapturedValue	0	static
../Drivers/STM32F3xx_HAL_Driver/Src/stm32f3xx_hal_hrtim.c:6170:10:HAL_HRTIM_WaveformGetOutputLevel	0	static
../Drivers/STM32F3xx_HAL_Driver/Src/stm32f3xx_hal_hrtim.c:6250:10:HAL_HRTIM_WaveformGetOutputState	0	static
../Drivers/STM32F3xx_HAL_Driver/Src/stm32f3xx_hal_hrtim.c:6380:10:HAL_HRTIM_GetDelayedProtectionStatus	0	static
../Drivers/STM32F3xx_HAL_Driver/Src/stm32f3xx_hal_hrtim.c:6445:10:HAL_HRTIM_GetBurstStatus	0	static
../Drivers/STM32F3xx_HAL_Driver/Src/stm32f3xx_hal_hrtim.c:6468:10:HAL_HRTIM_GetCurrentPushPullStatus	0	static
../Drivers/STM32F3xx_HAL_Driver/Src/stm32f3xx_hal_hrtim.c:6496:10:HAL_HRTIM_GetIdlePushPullStatus	0	static
../Drivers/STM32F3xx_HAL_Driver/Src/stm32f3xx_hal_hrtim.c:6609:13:HAL_HRTIM_Fault1Callback	0	static
../Drivers/STM32F3xx_HAL_Driver/Src/stm32f3xx_hal_hrtim.c:6624:13:HAL_HRTIM_Fault2Callback	0	static
../Drivers/STM32F3xx_HAL_Driver/Src/stm32f3xx_hal_hrtim.c:6639:13:HAL_HRTIM_Fault3Callback	0	static
../Drivers/STM32F3xx_HAL_Driver/Src/stm32f3xx_hal_hrtim.c:6654:13:HAL_HRTIM_Fault4Callback	0	static
../Drivers/STM32F3xx_HAL_Driver/Src/stm32f3xx_hal_hrtim.c:6669:13:HAL_HRTIM_Fault5Callback	0	static
../Drivers/STM32F3xx_HAL_Driver/Src/stm32f3xx_hal_hrtim.c:6684:13:HAL_HRTIM_SystemFaultCallback	0	static
../Drivers/STM32F3xx_HAL_Driver/Src/stm32f3xx_hal_hrtim.c:6699:13:HAL_HRTIM_DLLCalibrationReadyCallback	0	static
../Drivers/STM32F3xx_HAL_Driver/Src/stm32f3xx_hal_hrtim.c:6714:13:HAL_HRTIM_BurstModePeriodCallback	0	static
../Drivers/STM32F3xx_HAL_Driver/Src/stm32f3xx_hal_hrtim.c:6729:13:HAL_HRTIM_SynchronizationEventCallback	0	static
../Drivers/STM32F3xx_HAL_Driver/Src/stm32f3xx_hal_hrtim.c:6752:13:HAL_HRTIM_RegistersUpdateCallback	0	static
../Drivers/STM32F3xx_HAL_Driver/Src/stm32f3xx_hal_hrtim.c:6777:13:HAL_HRTIM_RepetitionEventCallback	0	static
../Drivers/STM32F3xx_HAL_Driver/Src/stm32f3xx_hal_hrtim.c:6803:13:HAL_HRTIM_Compare1EventCallback	0	static
../Drivers/STM32F3xx_HAL_Driver/Src/stm32f3xx_hal_hrtim.c:6829:13:HAL_HRTIM_Compare2EventCallback	0	static
../Drivers/STM32F3xx_HAL_Driver/Src/stm32f3xx_hal_hrtim.c:6855:13:HAL_HRTIM_Compare3EventCallback	0	static
../Drivers/STM32F3xx_HAL_Driver/Src/stm32f3xx_hal_hrtim.c:6881:13:HAL_HRTIM_Compare4EventCallback	0	static
../Drivers/STM32F3xx_HAL_Driver/Src/stm32f3xx_hal_hrtim.c:9221:13:HRTIM_DMAMasterCplt	8	static
../Drivers/STM32F3xx_HAL_Driver/Src/stm32f3xx_hal_hrtim.c:6905:13:HAL_HRTIM_Capture1EventCallback	0	static
../Drivers/STM32F3xx_HAL_Driver/Src/stm32f3xx_hal_hrtim.c:6929:13:HAL_HRTIM_Capture2EventCallback	0	static
../Drivers/STM32F3xx_HAL_Driver/Src/stm32f3xx_hal_hrtim.c:6954:13:HAL_HRTIM_DelayedProtectionCallback	0	static
../Drivers/STM32F3xx_HAL_Driver/Src/stm32f3xx_hal_hrtim.c:6979:13:HAL_HRTIM_CounterResetCallback	0	static
../Drivers/STM32F3xx_HAL_Driver/Src/stm32f3xx_hal_hrtim.c:7003:13:HAL_HRTIM_Output1SetCallback	0	static
../Drivers/STM32F3xx_HAL_Driver/Src/stm32f3xx_hal_hrtim.c:7027:13:HAL_HRTIM_Output1ResetCallback	0	static
../Drivers/STM32F3xx_HAL_Driver/Src/stm32f3xx_hal_hrtim.c:7051:13:HAL_HRTIM_Output2SetCallback	0	static
../Drivers/STM32F3xx_HAL_Driver/Src/stm32f3xx_hal_hrtim.c:7075:13:HAL_HRTIM_Output2ResetCallback	0	static
../Drivers/STM32F3xx_HAL_Driver/Src/stm32f3xx_hal_hrtim.c:9292:13:HRTIM_DMATimerxCplt	16	static
../Drivers/STM32F3xx_HAL_Driver/Src/stm32f3xx_hal_hrtim.c:6583:6:HAL_HRTIM_IRQHandler	24	static
../Drivers/STM32F3xx_HAL_Driver/Src/stm32f3xx_hal_hrtim.c:7100:13:HAL_HRTIM_BurstDMATransferCallback	0	static
../Drivers/STM32F3xx_HAL_Driver/Src/stm32f3xx_hal_hrtim.c:9441:13:HRTIM_BurstDMACplt	8	static
../Drivers/STM32F3xx_HAL_Driver/Src/stm32f3xx_hal_hrtim.c:7117:13:HAL_HRTIM_ErrorCallback	0	static
../Drivers/STM32F3xx_HAL_Driver/Src/stm32f3xx_hal_hrtim.c:9425:13:HRTIM_DMAError	8	static
