lex.yy.c:1182:22:yy_get_previous_state	48	static
lex.yy.c:1688:13:yy_fatal_error	8	static
lex.yy.c:1411:6:yy_load_buffer_state	0	static
lex.yy.c:1381:6:yy_switch_to_buffer	4	static
lex.yy.c:1455:6:yy_delete_buffer	8	static
lex.yy.c:1508:6:yy_flush_buffer	0	static
lex.yy.c:1481:6:yy_init_buffer	16	static
lex.yy.c:1424:17:yy_create_buffer	16	static
lex.yy.c:1366:6:yyrestart	16	static
lex.yy.c:666:1:yylex	56	static
lex.yy.c:1539:17:yy_scan_buffer	24	static
lex.yy.c:1594:17:yy_scan_bytes	24	static
lex.yy.c:1577:17:yy_scan_string	8	static
lexer.l:74:6:yyinit	8	static
