../Core/Src/main.c:88:5:main	8	static
../Core/Src/main.c:175:6:SystemClock_Config	96	static
../Core/Src/main.c:222:13:MX_ADC1_Init	48	static
../Core/Src/main.c:342:13:MX_ADC2_Init	32	static
../Core/Src/main.c:408:13:MX_CAN_Init	48	static
../Core/Src/main.c:473:13:MX_HRTIM1_Init	176	static
../Core/Src/main.c:638:13:MX_TIM3_Init	64	static
../Core/Src/main.c:697:13:MX_TIM15_Init	40	static
../Core/Src/main.c:741:13:MX_DMA_Init	16	static
../Core/Src/main.c:762:13:MX_GPIO_Init	48	static
../Core/Src/main.c:798:6:Error_Handler	4	static,ignoring_inline_asm
