../Core/Src/main.c:114:5:main	8	static
../Core/Src/main.c:232:6:SystemClock_Config	96	static
../Core/Src/main.c:279:13:MX_ADC1_Init	48	static
../Core/Src/main.c:399:13:MX_ADC2_Init	32	static
../Core/Src/main.c:465:13:MX_CAN_Init	48	static
../Core/Src/main.c:530:13:MX_HRTIM1_Init	176	static
../Core/Src/main.c:720:13:MX_TIM3_Init	64	static
../Core/Src/main.c:779:13:MX_TIM15_Init	40	static
../Core/Src/main.c:823:13:MX_DMA_Init	16	static
../Core/Src/main.c:844:13:MX_GPIO_Init	48	static
../Core/Src/main.c:918:6:Error_Handler	4	static,ignoring_inline_asm
