../Core/Src/stm32f3xx_hal_uart.c:601:14:HAL_UART_MspInit	0	static
../Core/Src/stm32f3xx_hal_uart.c:616:14:HAL_UART_MspDeInit	0	static
../Core/Src/stm32f3xx_hal_uart.c:563:19:HAL_UART_DeInit	16	static
../Core/Src/stm32f3xx_hal_uart.c:824:19:HAL_UART_Transmit_IT	0	static
../Core/Src/stm32f3xx_hal_uart.c:865:19:HAL_UART_Receive_IT	0	static
../Core/Src/stm32f3xx_hal_uart.c:918:19:HAL_UART_Transmit_DMA	16	static
../Core/Src/stm32f3xx_hal_uart.c:986:19:HAL_UART_Receive_DMA	16	static
../Core/Src/stm32f3xx_hal_uart.c:1043:19:HAL_UART_DMAPause	0	static
../Core/Src/stm32f3xx_hal_uart.c:1070:19:HAL_UART_DMAResume	0	static
../Core/Src/stm32f3xx_hal_uart.c:1100:19:HAL_UART_DMAStop	8	static
../Core/Src/stm32f3xx_hal_uart.c:1214:14:HAL_UART_TxCpltCallback	0	static
../Core/Src/stm32f3xx_hal_uart.c:1790:13:UART_DMATransmitCplt	8	static
../Core/Src/stm32f3xx_hal_uart.c:1229:14:HAL_UART_TxHalfCpltCallback	0	static
../Core/Src/stm32f3xx_hal_uart.c:1819:13:UART_DMATxHalfCplt	8	static
../Core/Src/stm32f3xx_hal_uart.c:1244:13:HAL_UART_RxCpltCallback	0	static
../Core/Src/stm32f3xx_hal_uart.c:1831:13:UART_DMAReceiveCplt	8	static
../Core/Src/stm32f3xx_hal_uart.c:1259:13:HAL_UART_RxHalfCpltCallback	0	static
../Core/Src/stm32f3xx_hal_uart.c:1856:13:UART_DMARxHalfCplt	8	static
../Core/Src/stm32f3xx_hal_uart.c:1274:14:HAL_UART_ErrorCallback	0	static
../Core/Src/stm32f3xx_hal_uart.c:1868:13:UART_DMAError	8	static
../Core/Src/stm32f3xx_hal_uart.c:1355:6:HAL_MultiProcessor_EnterMuteMode	0	static
../Core/Src/stm32f3xx_hal_uart.c:1365:19:HAL_HalfDuplex_EnableTransmitter	0	static
../Core/Src/stm32f3xx_hal_uart.c:1389:19:HAL_HalfDuplex_EnableReceiver	0	static
../Core/Src/stm32f3xx_hal_uart.c:1413:19:HAL_LIN_SendBreak	0	static
../Core/Src/stm32f3xx_hal_uart.c:1459:23:HAL_UART_GetState	0	static
../Core/Src/stm32f3xx_hal_uart.c:1474:10:HAL_UART_GetError	0	static
../Core/Src/stm32f3xx_hal_uart.c:1495:19:UART_SetConfig	16	static
../Core/Src/stm32f3xx_hal_uart.c:1606:6:UART_AdvFeatureConfig	8	static
../Core/Src/stm32f3xx_hal_uart.c:1725:19:UART_WaitOnFlagUntilTimeout	24	static
../Core/Src/stm32f3xx_hal_uart.c:692:19:HAL_UART_Transmit	16	static
../Core/Src/stm32f3xx_hal_uart.c:757:19:HAL_UART_Receive	24	static
../Core/Src/stm32f3xx_hal_uart.c:1680:19:UART_CheckIdleState	8	static
../Core/Src/stm32f3xx_hal_uart.c:286:19:HAL_UART_Init	8	static
../Core/Src/stm32f3xx_hal_uart.c:349:19:HAL_HalfDuplex_Init	8	static
../Core/Src/stm32f3xx_hal_uart.c:412:19:HAL_LIN_Init	16	static
../Core/Src/stm32f3xx_hal_uart.c:499:19:HAL_MultiProcessor_Init	16	static
../Core/Src/stm32f3xx_hal_uart.c:1313:19:HAL_MultiProcessor_EnableMuteMode	0	static
../Core/Src/stm32f3xx_hal_uart.c:1334:19:HAL_MultiProcessor_DisableMuteMode	0	static
../Core/Src/stm32f3xx_hal_uart.c:1886:19:UART_Transmit_IT	8	static
../Core/Src/stm32f3xx_hal_uart.c:1935:19:UART_EndTransmit_IT	8	static
../Core/Src/stm32f3xx_hal_uart.c:1956:19:UART_Receive_IT	8	static
../Core/Src/stm32f3xx_hal_uart.c:1136:6:HAL_UART_IRQHandler	16	static
../Core/Src/stm32f3xx_hal_uart.c:2011:6:UART_Wakeup_AddressConfig	8	static
