../Core/Src/stm32f3xx_hal_usart.c:1536:26:USART_WaitOnFlagUntilTimeout.constprop	24	static
../Core/Src/stm32f3xx_hal_usart.c:355:14:HAL_USART_MspInit	0	static
../Core/Src/stm32f3xx_hal_usart.c:272:19:HAL_USART_Init	16	static
../Core/Src/stm32f3xx_hal_usart.c:370:14:HAL_USART_MspDeInit	0	static
../Core/Src/stm32f3xx_hal_usart.c:321:19:HAL_USART_DeInit	16	static
../Core/Src/stm32f3xx_hal_usart.c:449:19:HAL_USART_Transmit	16	static
../Core/Src/stm32f3xx_hal_usart.c:516:19:HAL_USART_Receive	24	static
../Core/Src/stm32f3xx_hal_usart.c:595:19:HAL_USART_TransmitReceive	24	static
../Core/Src/stm32f3xx_hal_usart.c:681:19:HAL_USART_Transmit_IT	8	static
../Core/Src/stm32f3xx_hal_usart.c:728:19:HAL_USART_Receive_IT	8	static
../Core/Src/stm32f3xx_hal_usart.c:787:19:HAL_USART_TransmitReceive_IT	12	static
../Core/Src/stm32f3xx_hal_usart.c:846:19:HAL_USART_Transmit_DMA	16	static
../Core/Src/stm32f3xx_hal_usart.c:910:19:HAL_USART_Receive_DMA	24	static
../Core/Src/stm32f3xx_hal_usart.c:982:19:HAL_USART_TransmitReceive_DMA	24	static
../Core/Src/stm32f3xx_hal_usart.c:1056:19:HAL_USART_DMAPause	0	static
../Core/Src/stm32f3xx_hal_usart.c:1090:19:HAL_USART_DMAResume	0	static
../Core/Src/stm32f3xx_hal_usart.c:1131:19:HAL_USART_DMAStop	8	static
../Core/Src/stm32f3xx_hal_usart.c:1250:13:HAL_USART_TxCpltCallback	0	static
../Core/Src/stm32f3xx_hal_usart.c:1600:13:USART_DMATransmitCplt	8	static
../Core/Src/stm32f3xx_hal_usart.c:1265:14:HAL_USART_TxHalfCpltCallback	0	static
../Core/Src/stm32f3xx_hal_usart.c:1635:13:USART_DMATxHalfCplt	8	static
../Core/Src/stm32f3xx_hal_usart.c:1280:13:HAL_USART_RxCpltCallback	0	static
../Core/Src/stm32f3xx_hal_usart.c:1295:13:HAL_USART_RxHalfCpltCallback	0	static
../Core/Src/stm32f3xx_hal_usart.c:1695:13:USART_DMARxHalfCplt	8	static
../Core/Src/stm32f3xx_hal_usart.c:1310:13:HAL_USART_TxRxCpltCallback	0	static
../Core/Src/stm32f3xx_hal_usart.c:1647:13:USART_DMAReceiveCplt	8	static
../Core/Src/stm32f3xx_hal_usart.c:1852:26:USART_TransmitReceive_IT.isra	16	static
../Core/Src/stm32f3xx_hal_usart.c:1325:13:HAL_USART_ErrorCallback	0	static
../Core/Src/stm32f3xx_hal_usart.c:1707:13:USART_DMAError	8	static
../Core/Src/stm32f3xx_hal_usart.c:1166:6:HAL_USART_IRQHandler	8	static
../Core/Src/stm32f3xx_hal_usart.c:1362:24:HAL_USART_GetState	0	static
../Core/Src/stm32f3xx_hal_usart.c:1373:10:HAL_USART_GetError	0	static
