../Core/Src/stm32f3xx_it.c:81:6:NMI_Handler	0	static
../Core/Src/stm32f3xx_it.c:90:6:HardFault_Handler	8	static
../Core/Src/stm32f3xx_it.c:106:6:MemManage_Handler	0	static
../Core/Src/stm32f3xx_it.c:119:6:BusFault_Handler	0	static
../Core/Src/stm32f3xx_it.c:132:6:UsageFault_Handler	0	static
../Core/Src/stm32f3xx_it.c:145:6:SVC_Handler	0	static
../Core/Src/stm32f3xx_it.c:154:6:DebugMon_Handler	0	static
../Core/Src/stm32f3xx_it.c:163:6:PendSV_Handler	0	static
../Core/Src/stm32f3xx_it.c:172:6:SysTick_Handler	8	static
../Core/Src/stm32f3xx_it.c:213:6:HRTIM1_TIMC_IRQHandler	0	static
../Core/Src/stm32f3xx_it.c:228:6:TIM1_UP_TIM16_IRQHandler	16	static
../Core/Src/stm32f3xx_it.c:293:6:TIM6_DAC1_IRQHandler	48	static
../Core/Src/stm32f3xx_it.c:451:6:COMP4_6_IRQHandler	0	static
../Core/Src/stm32f3xx_it.c:463:6:DMA1_Channel1_IRQHandler	0	static
../Core/Src/stm32f3xx_it.c:486:6:USARTx_DMA_RX_IRQHandler	0	static
../Core/Src/stm32f3xx_it.c:501:6:USARTx_DMA_TX_IRQHandler	0	static
../Core/Src/stm32f3xx_it.c:511:6:USARTx_IRQHandler	0	static
