../Core/Src/stm32f3xx_hal_dac.c:355:13:HAL_DAC_MspInit	0	static
../Core/Src/stm32f3xx_hal_dac.c:281:19:HAL_DAC_Init	8	static
../Core/Src/stm32f3xx_hal_dac.c:371:13:HAL_DAC_MspDeInit	0	static
../Core/Src/stm32f3xx_hal_dac.c:319:19:HAL_DAC_DeInit	8	static
../Core/Src/stm32f3xx_hal_dac.c:415:26:HAL_DAC_Start	0	static
../Core/Src/stm32f3xx_hal_dac.c:439:19:HAL_DAC_Stop	8	static
../Core/Src/stm32f3xx_hal_dac.c:465:19:HAL_DAC_Stop_DMA	8	static
../Core/Src/stm32f3xx_hal_dac.c:532:17:HAL_DAC_GetValue	0	static
../Core/Src/stm32f3xx_hal_dac.c:551:17:HAL_DACEx_DualGetValue	0	static
../Core/Src/stm32f3xx_hal_dac.c:598:26:HAL_DAC_ConfigChannel	0	static
../Core/Src/stm32f3xx_hal_dac.c:609:26:HAL_DAC_SetValue	0	static
../Core/Src/stm32f3xx_hal_dac.c:624:26:HAL_DACEx_DualSetValue	0	static
../Core/Src/stm32f3xx_hal_dac.c:666:22:HAL_DAC_GetState	0	static
../Core/Src/stm32f3xx_hal_dac.c:678:10:HAL_DAC_GetError	0	static
../Core/Src/stm32f3xx_hal_dac.c:697:13:HAL_DAC_ConvCpltCallbackCh1	0	static
../Core/Src/stm32f3xx_hal_dac.c:713:13:HAL_DAC_ConvHalfCpltCallbackCh1	0	static
../Core/Src/stm32f3xx_hal_dac.c:729:13:HAL_DAC_ErrorCallbackCh1	0	static
../Core/Src/stm32f3xx_hal_dac.c:746:13:HAL_DAC_DMAUnderrunCallbackCh1	0	static
