../Core/Src/stm32f3xx_hal_msp.c:79:6:HAL_ADC_MspInit	72	static
../Core/Src/stm32f3xx_hal_msp.c:247:6:HAL_ADC_MspDeInit	8	static
../Core/Src/stm32f3xx_hal_msp.c:275:6:HAL_HRTIM_MspInit	24	static
../Core/Src/stm32f3xx_hal_msp.c:356:6:HAL_COMP_MspInit	64	static
../Core/Src/stm32f3xx_hal_msp.c:441:6:HAL_COMP_MspDeInit	8	static
../Core/Src/stm32f3xx_hal_msp.c:459:6:HAL_DAC_MspInit	56	static
../Core/Src/stm32f3xx_hal_msp.c:508:6:HAL_DAC_MspDeInit	0	static
../Core/Src/stm32f3xx_hal_msp.c:527:6:HAL_UART_MspInit	0	static
../Core/Src/stm32f3xx_hal_msp.c:619:6:HAL_UART_MspDeInit	0	static
../Core/Src/stm32f3xx_hal_msp.c:659:6:HAL_TIM_PWM_MspInit	32	static
../Core/Src/stm32f3xx_hal_msp.c:694:6:HAL_TIM_PWM_MspDeInit	0	static
../Core/Src/stm32f3xx_hal_msp.c:706:6:HAL_TIM_Base_MspInit	16	static
