../Core/Src/stm32f3xx_hal_comp.c:404:13:HAL_COMP_MspInit	0	static
../Core/Src/stm32f3xx_hal_comp.c:300:19:HAL_COMP_Init	24	static
../Core/Src/stm32f3xx_hal_comp.c:419:13:HAL_COMP_MspDeInit	0	static
../Core/Src/stm32f3xx_hal_comp.c:370:19:HAL_COMP_DeInit	16	static
../Core/Src/stm32f3xx_hal_comp.c:456:19:HAL_COMP_Start	20	static
../Core/Src/stm32f3xx_hal_comp.c:525:19:HAL_COMP_Stop	12	static
../Core/Src/stm32f3xx_hal_comp.c:563:19:HAL_COMP_Start_IT	20	static
../Core/Src/stm32f3xx_hal_comp.c:635:19:HAL_COMP_Stop_IT	0	static
../Core/Src/stm32f3xx_hal_comp.c:672:13:HAL_COMP_TriggerCallback	0	static
../Core/Src/stm32f3xx_hal_comp.c:652:6:HAL_COMP_IRQHandler	8	static
../Core/Src/stm32f3xx_hal_comp.c:706:19:HAL_COMP_Lock	0	static
../Core/Src/stm32f3xx_hal_comp.c:764:10:HAL_COMP_GetOutputLevel	0	static
../Core/Src/stm32f3xx_hal_comp.c:803:23:HAL_COMP_GetState	0	static
