../Core/Src/stm32f3xx_hal_dac_ex.c:1073:13:DAC_DMAErrorCh1	8	static
../Core/Src/stm32f3xx_hal_dac_ex.c:1061:13:DAC_DMAHalfConvCpltCh1	0	static
../Core/Src/stm32f3xx_hal_dac_ex.c:1047:13:DAC_DMAConvCpltCh1	8	static
../Core/Src/stm32f3xx_hal_dac_ex.c:130:19:HAL_DAC_SetValue	16	static
../Core/Src/stm32f3xx_hal_dac_ex.c:188:19:HAL_DACEx_DualSetValue	0	static
../Core/Src/stm32f3xx_hal_dac_ex.c:260:19:HAL_DAC_Start	8	static
../Core/Src/stm32f3xx_hal_dac_ex.c:378:19:HAL_DAC_Start_DMA	24	static
../Core/Src/stm32f3xx_hal_dac_ex.c:592:10:HAL_DAC_GetValue	0	static
../Core/Src/stm32f3xx_hal_dac_ex.c:643:10:HAL_DACEx_DualGetValue	0	static
../Core/Src/stm32f3xx_hal_dac_ex.c:781:19:HAL_DAC_ConfigChannel	16	static
../Core/Src/stm32f3xx_hal_dac_ex.c:880:19:HAL_DACEx_TriangleWaveGenerate	12	static
../Core/Src/stm32f3xx_hal_dac_ex.c:929:19:HAL_DACEx_NoiseWaveGenerate	12	static
../Core/Src/stm32f3xx_hal_dac_ex.c:965:13:HAL_DACEx_ConvCpltCallbackCh2	0	static
../Core/Src/stm32f3xx_hal_dac_ex.c:1095:13:DAC_DMAConvCpltCh2	8	static
../Core/Src/stm32f3xx_hal_dac_ex.c:981:13:HAL_DACEx_ConvHalfCpltCallbackCh2	0	static
../Core/Src/stm32f3xx_hal_dac_ex.c:1109:13:DAC_DMAHalfConvCpltCh2	8	static
../Core/Src/stm32f3xx_hal_dac_ex.c:997:13:HAL_DACEx_ErrorCallbackCh2	0	static
../Core/Src/stm32f3xx_hal_dac_ex.c:1121:13:DAC_DMAErrorCh2	8	static
../Core/Src/stm32f3xx_hal_dac_ex.c:1013:13:HAL_DACEx_DMAUnderrunCallbackCh2	0	static
../Core/Src/stm32f3xx_hal_dac_ex.c:677:6:HAL_DAC_IRQHandler	8	static
