../Core/Src/UI_UART_Interface.c:111:6:UI_UART_Config	8	static
../Core/Src/UI_UART_Interface.c:152:6:UI_UART_MspInit	64	static
../Core/Src/UI_UART_Interface.c:242:6:UI_UART_MspDeInit	8	static
../Core/Src/UI_UART_Interface.c:271:6:UI_UART_SendBeginMsg	8	static
../Core/Src/UI_UART_Interface.c:283:6:CheckOutOfRange	0	static
../Core/Src/UI_UART_Interface.c:409:6:HAL_UART_RxCpltCallback	8	static
../Core/Src/UI_UART_Interface.c:439:6:DMA1_Channel3_IRQHandler	8	static
../Core/Src/UI_UART_Interface.c:480:6:DMA1_Channel2_IRQHandler	8	static
